/opt/pytorch/lib/python3.13/site-packages/torch/cuda/__init__.py:63: FutureWarning: The pynvml package is deprecated. Please install nvidia-ml-py instead. If you did not install pynvml directly, please report this to the maintainers of the package that installed pynvml for you.
  import pynvml  # type: ignore[import]
WARNING: All log messages before absl::InitializeLog() is called are written to STDERR
I0000 00:00:1788272445.190480    5316 cpu_feature_guard.cc:227] This TensorFlow binary is optimized to use available CPU instructions in performance-critical operations.
To enable the following instructions: AVX2 FMA, in other operations, rebuild TensorFlow with the appropriate compiler flags.
/opt/pytorch/lib/python3.13/site-packages/torch/nn/modules/loss.py:44: UserWarning: size_average and reduce args will be deprecated, please use reduction='mean' instead.
  self.reduction: str = _Reduction.legacy_get_string(size_average, reduce)
seed:0
enc:pretrain_out/2_percent/enc_0.02.pth: loaded 1144 | missing 0 unexpected 0
cache:18400 samples -> probe_cache/enc_0_02_pth_seed0/train
cache:1077 samples -> probe_cache/enc_0_02_pth_seed0/dev
ep 1/40 ctc 46.394 DEV WER 99.17 (best 99.17) 64s
ep 2/40 ctc 43.785 DEV WER 98.59 (best 98.59) 128s
ep 3/40 ctc 42.935 DEV WER 97.96 (best 97.96) 192s
ep 4/40 ctc 42.099 DEV WER 98.05 (best 97.96) 256s
ep 5/40 ctc 40.585 DEV WER 97.22 (best 97.22) 321s
ep 6/40 ctc 41.441 DEV WER 97.68 (best 97.22) 386s
ep 7/40 ctc 40.448 DEV WER 96.18 (best 96.18) 452s
ep 8/40 ctc 39.735 DEV WER 95.74 (best 95.74) 518s
ep 9/40 ctc 38.956 DEV WER 95.29 (best 95.29) 585s
ep 10/40 ctc 40.374 DEV WER 95.90 (best 95.29) 652s
ep 11/40 ctc 38.299 DEV WER 94.93 (best 94.93) 719s
ep 12/40 ctc 37.933 DEV WER 95.86 (best 94.93) 785s
ep 13/40 ctc 37.607 DEV WER 95.61 (best 94.93) 851s
ep 14/40 ctc 37.835 DEV WER 94.71 (best 94.71) 919s
ep 15/40 ctc 37.596 DEV WER 95.56 (best 94.71) 986s
ep 16/40 ctc 38.015 DEV WER 94.87 (best 94.71) 1053s
ep 17/40 ctc 36.627 DEV WER 95.23 (best 94.71) 1119s
ep 18/40 ctc 36.149 DEV WER 93.25 (best 93.25) 1188s
ep 19/40 ctc 36.483 DEV WER 94.62 (best 93.25) 1256s
ep 20/40 ctc 35.808 DEV WER 93.52 (best 93.25) 1325s
ep 21/40 ctc 37.071 DEV WER 93.38 (best 93.25) 1394s
ep 22/40 ctc 35.440 DEV WER 93.94 (best 93.25) 1462s
ep 23/40 ctc 35.802 DEV WER 93.85 (best 93.25) 1531s
ep 24/40 ctc 35.494 DEV WER 93.44 (best 93.25) 1600s
ep 25/40 ctc 35.754 DEV WER 93.55 (best 93.25) 1668s
ep 26/40 ctc 35.194 DEV WER 93.52 (best 93.25) 1738s
ep 27/40 ctc 34.648 DEV WER 93.61 (best 93.25) 1807s
ep 28/40 ctc 34.528 DEV WER 94.00 (best 93.25) 1875s
ep 29/40 ctc 35.073 DEV WER 93.70 (best 93.25) 1943s
ep 30/40 ctc 34.842 DEV WER 93.09 (best 93.09) 2013s
ep 31/40 ctc 34.277 DEV WER 92.65 (best 92.65) 2081s
ep 32/40 ctc 34.570 DEV WER 93.03 (best 92.65) 2151s
ep 33/40 ctc 33.949 DEV WER 93.81 (best 92.65) 2220s
ep 34/40 ctc 34.045 DEV WER 93.17 (best 92.65) 2289s
ep 35/40 ctc 34.849 DEV WER 93.38 (best 92.65) 2358s
ep 36/40 ctc 34.754 DEV WER 93.06 (best 92.65) 2427s
ep 37/40 ctc 34.564 DEV WER 93.01 (best 92.65) 2496s
ep 38/40 ctc 34.287 DEV WER 93.20 (best 92.65) 2565s
ep 39/40 ctc 34.179 DEV WER 92.05 (best 92.05) 2635s
ep 40/40 ctc 33.527 DEV WER 93.28 (best 92.05) 2704s

PROBE pretrain_out/2_percent/enc_0.02.pth seed0: best dev WER 92.05
