/opt/pytorch/lib/python3.13/site-packages/torch/cuda/__init__.py:63: FutureWarning: The pynvml package is deprecated. Please install nvidia-ml-py instead. If you did not install pynvml directly, please report this to the maintainers of the package that installed pynvml for you.
  import pynvml  # type: ignore[import]
WARNING: All log messages before absl::InitializeLog() is called are written to STDERR
I0000 00:00:1788279780.635232    7279 cpu_feature_guard.cc:227] This TensorFlow binary is optimized to use available CPU instructions in performance-critical operations.
To enable the following instructions: AVX2 FMA, in other operations, rebuild TensorFlow with the appropriate compiler flags.
/opt/pytorch/lib/python3.13/site-packages/torch/nn/modules/loss.py:44: UserWarning: size_average and reduce args will be deprecated, please use reduction='mean' instead.
  self.reduction: str = _Reduction.legacy_get_string(size_average, reduce)

overrides:  defaults

=== fraction 0.04: 14/74 shards ===
step 20/3000 loss 0.0154 (ema 0.0379) 17.7 clip/s
step 40/3000 loss 0.0155 (ema 0.0302) 19.4 clip/s
step 60/3000 loss 0.0119 (ema 0.0246) 19.9 clip/s
step 80/3000 loss 0.0117 (ema 0.0205) 19.9 clip/s
step 100/3000 loss 0.0108 (ema 0.0173) 20.0 clip/s
step 120/3000 loss 0.0098 (ema 0.0151) 20.3 clip/s
step 140/3000 loss 0.0179 (ema 0.0135) 20.3 clip/s
step 160/3000 loss 0.0095 (ema 0.0123) 20.5 clip/s
step 180/3000 loss 0.0092 (ema 0.0114) 20.5 clip/s
step 200/3000 loss 0.0118 (ema 0.0107) 20.7 clip/s
step 220/3000 loss 0.0101 (ema 0.0106) 20.7 clip/s
step 240/3000 loss 0.0107 (ema 0.0106) 20.7 clip/s
step 250 VAL 0.0110  *
step 260/3000 loss 0.0101 (ema 0.0106) 20.3 clip/s
step 280/3000 loss 0.0091 (ema 0.0103) 20.4 clip/s
step 300/3000 loss 0.0097 (ema 0.0100) 20.5 clip/s
step 320/3000 loss 0.0082 (ema 0.0101) 20.5 clip/s
step 340/3000 loss 0.0101 (ema 0.0099) 20.6 clip/s
step 360/3000 loss 0.0115 (ema 0.0098) 20.6 clip/s
step 380/3000 loss 0.0114 (ema 0.0096) 20.7 clip/s
step 400/3000 loss 0.0089 (ema 0.0093) 20.8 clip/s
step 420/3000 loss 0.0102 (ema 0.0093) 20.8 clip/s
step 440/3000 loss 0.0085 (ema 0.0092) 20.8 clip/s
step 460/3000 loss 0.0101 (ema 0.0091) 20.9 clip/s
step 480/3000 loss 0.0082 (ema 0.0090) 20.9 clip/s
step 500/3000 loss 0.0078 (ema 0.0087) 20.9 clip/s
step 500 VAL 0.0097  *
step 520/3000 loss 0.0083 (ema 0.0088) 20.7 clip/s
step 540/3000 loss 0.0078 (ema 0.0085) 20.7 clip/s
step 560/3000 loss 0.0079 (ema 0.0081) 20.7 clip/s
step 580/3000 loss 0.0080 (ema 0.0081) 20.7 clip/s
step 600/3000 loss 0.0078 (ema 0.0079) 20.7 clip/s
step 620/3000 loss 0.0106 (ema 0.0082) 20.8 clip/s
step 640/3000 loss 0.0088 (ema 0.0082) 20.8 clip/s
step 660/3000 loss 0.0068 (ema 0.0082) 20.9 clip/s
step 680/3000 loss 0.0050 (ema 0.0080) 20.9 clip/s
step 700/3000 loss 0.0088 (ema 0.0081) 20.9 clip/s
step 720/3000 loss 0.0064 (ema 0.0081) 20.9 clip/s
step 740/3000 loss 0.0076 (ema 0.0081) 20.9 clip/s
step 750 VAL 0.0089  *
step 760/3000 loss 0.0062 (ema 0.0081) 20.7 clip/s
step 780/3000 loss 0.0102 (ema 0.0082) 20.8 clip/s
step 800/3000 loss 0.0084 (ema 0.0083) 20.8 clip/s
step 820/3000 loss 0.0087 (ema 0.0083) 20.8 clip/s
step 840/3000 loss 0.0104 (ema 0.0084) 20.8 clip/s
step 860/3000 loss 0.0083 (ema 0.0083) 20.8 clip/s
step 880/3000 loss 0.0081 (ema 0.0083) 20.8 clip/s
step 900/3000 loss 0.0086 (ema 0.0082) 20.9 clip/s
step 920/3000 loss 0.0059 (ema 0.0083) 20.9 clip/s
step 940/3000 loss 0.0062 (ema 0.0083) 20.9 clip/s
step 960/3000 loss 0.0067 (ema 0.0083) 20.9 clip/s
step 980/3000 loss 0.0075 (ema 0.0082) 20.9 clip/s
step 1000/3000 loss 0.0104 (ema 0.0082) 20.9 clip/s
step 1000 VAL 0.0091
step 1020/3000 loss 0.0059 (ema 0.0082) 20.8 clip/s
step 1040/3000 loss 0.0057 (ema 0.0080) 20.9 clip/s
step 1060/3000 loss 0.0081 (ema 0.0078) 20.9 clip/s
step 1080/3000 loss 0.0086 (ema 0.0077) 20.9 clip/s
step 1100/3000 loss 0.0060 (ema 0.0077) 20.9 clip/s
step 1120/3000 loss 0.0067 (ema 0.0079) 20.9 clip/s
step 1140/3000 loss 0.0077 (ema 0.0078) 20.9 clip/s
step 1160/3000 loss 0.0102 (ema 0.0077) 20.9 clip/s
step 1180/3000 loss 0.0051 (ema 0.0075) 20.9 clip/s
step 1200/3000 loss 0.0045 (ema 0.0076) 20.9 clip/s
step 1220/3000 loss 0.0097 (ema 0.0081) 21.0 clip/s
step 1240/3000 loss 0.0086 (ema 0.0084) 21.0 clip/s
step 1250 VAL 0.0097
step 1260/3000 loss 0.0116 (ema 0.0087) 20.9 clip/s
step 1280/3000 loss 0.0086 (ema 0.0087) 20.9 clip/s
step 1300/3000 loss 0.0095 (ema 0.0087) 20.9 clip/s
step 1320/3000 loss 0.0073 (ema 0.0085) 21.0 clip/s
step 1340/3000 loss 0.0096 (ema 0.0083) 21.0 clip/s
step 1360/3000 loss 0.0069 (ema 0.0081) 21.0 clip/s
step 1380/3000 loss 0.0069 (ema 0.0080) 21.0 clip/s
step 1400/3000 loss 0.0102 (ema 0.0080) 21.0 clip/s
step 1420/3000 loss 0.0076 (ema 0.0078) 21.0 clip/s
step 1440/3000 loss 0.0103 (ema 0.0077) 21.0 clip/s
step 1460/3000 loss 0.0083 (ema 0.0076) 21.0 clip/s
step 1480/3000 loss 0.0094 (ema 0.0077) 21.0 clip/s
step 1500/3000 loss 0.0070 (ema 0.0074) 21.0 clip/s
step 1500 VAL 0.0085  *
step 1520/3000 loss 0.0081 (ema 0.0074) 20.9 clip/s
step 1540/3000 loss 0.0077 (ema 0.0075) 20.9 clip/s
step 1560/3000 loss 0.0084 (ema 0.0074) 20.9 clip/s
step 1580/3000 loss 0.0062 (ema 0.0075) 20.9 clip/s
step 1600/3000 loss 0.0083 (ema 0.0075) 20.9 clip/s
step 1620/3000 loss 0.0077 (ema 0.0075) 20.9 clip/s
step 1640/3000 loss 0.0069 (ema 0.0077) 20.9 clip/s
step 1660/3000 loss 0.0081 (ema 0.0079) 21.0 clip/s
step 1680/3000 loss 0.0068 (ema 0.0081) 21.0 clip/s
step 1700/3000 loss 0.0082 (ema 0.0081) 21.0 clip/s
step 1720/3000 loss 0.0090 (ema 0.0081) 21.0 clip/s
step 1740/3000 loss 0.0070 (ema 0.0080) 21.0 clip/s
step 1750 VAL 0.0090
step 1760/3000 loss 0.0085 (ema 0.0078) 20.9 clip/s
step 1780/3000 loss 0.0081 (ema 0.0074) 20.9 clip/s
step 1800/3000 loss 0.0106 (ema 0.0073) 20.9 clip/s
step 1820/3000 loss 0.0085 (ema 0.0075) 20.9 clip/s
step 1840/3000 loss 0.0092 (ema 0.0079) 21.0 clip/s
step 1860/3000 loss 0.0086 (ema 0.0080) 21.0 clip/s
step 1880/3000 loss 0.0077 (ema 0.0081) 21.0 clip/s
step 1900/3000 loss 0.0077 (ema 0.0079) 21.0 clip/s
step 1920/3000 loss 0.0090 (ema 0.0077) 21.0 clip/s
step 1940/3000 loss 0.0084 (ema 0.0079) 21.0 clip/s
step 1960/3000 loss 0.0068 (ema 0.0079) 21.0 clip/s
step 1980/3000 loss 0.0078 (ema 0.0079) 21.0 clip/s
step 2000/3000 loss 0.0077 (ema 0.0080) 21.0 clip/s
step 2000 VAL 0.0087
step 2020/3000 loss 0.0071 (ema 0.0079) 21.0 clip/s
step 2040/3000 loss 0.0060 (ema 0.0077) 21.0 clip/s
step 2060/3000 loss 0.0081 (ema 0.0077) 21.0 clip/s
step 2080/3000 loss 0.0066 (ema 0.0077) 20.9 clip/s
step 2100/3000 loss 0.0100 (ema 0.0076) 21.0 clip/s
step 2120/3000 loss 0.0070 (ema 0.0077) 21.0 clip/s
step 2140/3000 loss 0.0074 (ema 0.0077) 20.9 clip/s
step 2160/3000 loss 0.0054 (ema 0.0076) 20.9 clip/s
step 2180/3000 loss 0.0063 (ema 0.0076) 21.0 clip/s
step 2200/3000 loss 0.0074 (ema 0.0076) 21.0 clip/s
step 2220/3000 loss 0.0090 (ema 0.0075) 21.0 clip/s
step 2240/3000 loss 0.0082 (ema 0.0075) 21.0 clip/s
step 2250 VAL 0.0079  *
step 2260/3000 loss 0.0076 (ema 0.0075) 20.9 clip/s
step 2280/3000 loss 0.0078 (ema 0.0076) 20.9 clip/s
step 2300/3000 loss 0.0090 (ema 0.0074) 20.9 clip/s
step 2320/3000 loss 0.0087 (ema 0.0075) 20.9 clip/s
step 2340/3000 loss 0.0079 (ema 0.0076) 20.9 clip/s
step 2360/3000 loss 0.0079 (ema 0.0075) 20.9 clip/s
step 2380/3000 loss 0.0061 (ema 0.0074) 20.9 clip/s
step 2400/3000 loss 0.0085 (ema 0.0074) 20.9 clip/s
step 2420/3000 loss 0.0061 (ema 0.0075) 21.0 clip/s
step 2440/3000 loss 0.0065 (ema 0.0076) 21.0 clip/s
step 2460/3000 loss 0.0057 (ema 0.0076) 21.0 clip/s
step 2480/3000 loss 0.0084 (ema 0.0075) 21.0 clip/s
step 2500/3000 loss 0.0069 (ema 0.0075) 21.0 clip/s
step 2500 VAL 0.0088
step 2520/3000 loss 0.0077 (ema 0.0077) 20.9 clip/s
step 2540/3000 loss 0.0071 (ema 0.0077) 20.9 clip/s
step 2560/3000 loss 0.0086 (ema 0.0076) 20.9 clip/s
step 2580/3000 loss 0.0079 (ema 0.0077) 20.9 clip/s
step 2600/3000 loss 0.0081 (ema 0.0077) 20.9 clip/s
step 2620/3000 loss 0.0100 (ema 0.0077) 20.9 clip/s
step 2640/3000 loss 0.0064 (ema 0.0076) 21.0 clip/s
step 2660/3000 loss 0.0097 (ema 0.0077) 21.0 clip/s
step 2680/3000 loss 0.0056 (ema 0.0076) 21.0 clip/s
step 2700/3000 loss 0.0062 (ema 0.0075) 21.0 clip/s
step 2720/3000 loss 0.0078 (ema 0.0079) 21.0 clip/s
step 2740/3000 loss 0.0093 (ema 0.0077) 21.0 clip/s
step 2750 VAL 0.0078  *
step 2760/3000 loss 0.0111 (ema 0.0078) 20.9 clip/s
step 2780/3000 loss 0.0082 (ema 0.0077) 20.9 clip/s
step 2800/3000 loss 0.0067 (ema 0.0076) 20.9 clip/s
step 2820/3000 loss 0.0084 (ema 0.0080) 20.9 clip/s
step 2840/3000 loss 0.0079 (ema 0.0080) 20.9 clip/s
step 2860/3000 loss 0.0066 (ema 0.0080) 20.9 clip/s
step 2880/3000 loss 0.0078 (ema 0.0082) 20.9 clip/s
step 2900/3000 loss 0.0070 (ema 0.0083) 20.9 clip/s
step 2920/3000 loss 0.0103 (ema 0.0083) 20.9 clip/s
step 2940/3000 loss 0.0097 (ema 0.0083) 20.9 clip/s
step 2960/3000 loss 0.0092 (ema 0.0082) 20.9 clip/s
step 2980/3000 loss 0.0075 (ema 0.0082) 20.9 clip/s
step 3000/3000 loss 0.0057 (ema 0.0082) 20.9 clip/s
step 3000 VAL 0.0080
done, best val 0.0078 -> pretrain_out/4_percent/enc_0.04.pth

