/opt/pytorch/lib/python3.13/site-packages/torch/cuda/__init__.py:63: FutureWarning: The pynvml package is deprecated. Please install nvidia-ml-py instead. If you did not install pynvml directly, please report this to the maintainers of the package that installed pynvml for you.
  import pynvml  # type: ignore[import]
WARNING: All log messages before absl::InitializeLog() is called are written to STDERR
I0000 00:00:1785767430.626709    4297 cpu_feature_guard.cc:227] This TensorFlow binary is optimized to use available CPU instructions in performance-critical operations.
To enable the following instructions: AVX2 FMA, in other operations, rebuild TensorFlow with the appropriate compiler flags.
/opt/pytorch/lib/python3.13/site-packages/torch/nn/modules/loss.py:44: UserWarning: size_average and reduce args will be deprecated, please use reduction='mean' instead.
  self.reduction: str = _Reduction.legacy_get_string(size_average, reduce)

=== fraction 0.01: 3/74 shards ===
step 20/5000 loss 0.0168 (ema 0.0351) 17.5 clip/s
step 40/5000 loss 0.0149 (ema 0.0285) 19.4 clip/s
step 60/5000 loss 0.0127 (ema 0.0231) 20.0 clip/s
step 80/5000 loss 0.0120 (ema 0.0192) 19.9 clip/s
step 100/5000 loss 0.0104 (ema 0.0166) 20.2 clip/s
step 120/5000 loss 0.0104 (ema 0.0145) 20.5 clip/s
step 140/5000 loss 0.0092 (ema 0.0129) 20.4 clip/s
step 160/5000 loss 0.0094 (ema 0.0118) 20.6 clip/s
step 180/5000 loss 0.0146 (ema 0.0109) 20.6 clip/s
step 200/5000 loss 0.0121 (ema 0.0106) 20.7 clip/s
step 220/5000 loss 0.0103 (ema 0.0103) 20.7 clip/s
step 240/5000 loss 0.0093 (ema 0.0101) 20.8 clip/s
step 250 VAL 0.0104  *
step 260/5000 loss 0.0092 (ema 0.0101) 20.4 clip/s
step 280/5000 loss 0.0113 (ema 0.0102) 20.5 clip/s
step 300/5000 loss 0.0096 (ema 0.0100) 20.5 clip/s
step 320/5000 loss 0.0099 (ema 0.0100) 20.6 clip/s
step 340/5000 loss 0.0086 (ema 0.0098) 20.7 clip/s
step 360/5000 loss 0.0116 (ema 0.0098) 20.7 clip/s
step 380/5000 loss 0.0085 (ema 0.0099) 20.7 clip/s
step 400/5000 loss 0.0086 (ema 0.0094) 20.8 clip/s
step 420/5000 loss 0.0071 (ema 0.0091) 20.8 clip/s
step 440/5000 loss 0.0064 (ema 0.0089) 20.9 clip/s
step 460/5000 loss 0.0081 (ema 0.0087) 20.9 clip/s
step 480/5000 loss 0.0097 (ema 0.0087) 21.0 clip/s
step 500/5000 loss 0.0084 (ema 0.0085) 21.0 clip/s
step 500 VAL 0.0099  *
step 520/5000 loss 0.0088 (ema 0.0085) 20.7 clip/s
step 540/5000 loss 0.0066 (ema 0.0084) 20.8 clip/s
step 560/5000 loss 0.0084 (ema 0.0083) 20.8 clip/s
step 580/5000 loss 0.0082 (ema 0.0083) 20.8 clip/s
step 600/5000 loss 0.0075 (ema 0.0083) 20.8 clip/s
step 620/5000 loss 0.0062 (ema 0.0084) 20.8 clip/s
step 640/5000 loss 0.0099 (ema 0.0087) 20.9 clip/s
step 660/5000 loss 0.0062 (ema 0.0086) 20.9 clip/s
step 680/5000 loss 0.0100 (ema 0.0087) 20.9 clip/s
step 700/5000 loss 0.0086 (ema 0.0087) 20.9 clip/s
step 720/5000 loss 0.0063 (ema 0.0085) 20.9 clip/s
step 740/5000 loss 0.0072 (ema 0.0085) 20.9 clip/s
step 750 VAL 0.0091  *
step 760/5000 loss 0.0087 (ema 0.0085) 20.8 clip/s
step 780/5000 loss 0.0096 (ema 0.0083) 20.7 clip/s
step 800/5000 loss 0.0056 (ema 0.0084) 20.8 clip/s
step 820/5000 loss 0.0054 (ema 0.0085) 20.8 clip/s
step 840/5000 loss 0.0068 (ema 0.0082) 20.8 clip/s
step 860/5000 loss 0.0071 (ema 0.0082) 20.8 clip/s
step 880/5000 loss 0.0057 (ema 0.0082) 20.8 clip/s
step 900/5000 loss 0.0098 (ema 0.0081) 20.8 clip/s
step 920/5000 loss 0.0090 (ema 0.0083) 20.9 clip/s
step 940/5000 loss 0.0085 (ema 0.0080) 20.9 clip/s
step 960/5000 loss 0.0058 (ema 0.0081) 20.9 clip/s
step 980/5000 loss 0.0076 (ema 0.0082) 20.9 clip/s
step 1000/5000 loss 0.0078 (ema 0.0083) 20.9 clip/s
step 1000 VAL 0.0095
step 1020/5000 loss 0.0086 (ema 0.0083) 20.8 clip/s
step 1040/5000 loss 0.0080 (ema 0.0082) 20.8 clip/s
step 1060/5000 loss 0.0063 (ema 0.0078) 20.8 clip/s
step 1080/5000 loss 0.0065 (ema 0.0077) 20.8 clip/s
step 1100/5000 loss 0.0057 (ema 0.0076) 20.8 clip/s
step 1120/5000 loss 0.0095 (ema 0.0076) 20.9 clip/s
step 1140/5000 loss 0.0088 (ema 0.0077) 20.9 clip/s
step 1160/5000 loss 0.0084 (ema 0.0076) 20.9 clip/s
step 1180/5000 loss 0.0070 (ema 0.0075) 20.9 clip/s
step 1200/5000 loss 0.0095 (ema 0.0076) 20.9 clip/s
step 1220/5000 loss 0.0110 (ema 0.0081) 20.9 clip/s
step 1240/5000 loss 0.0089 (ema 0.0083) 20.9 clip/s
step 1250 VAL 0.0100
step 1260/5000 loss 0.0073 (ema 0.0083) 20.8 clip/s
step 1280/5000 loss 0.0101 (ema 0.0082) 20.8 clip/s
step 1300/5000 loss 0.0061 (ema 0.0081) 20.8 clip/s
step 1320/5000 loss 0.0085 (ema 0.0081) 20.8 clip/s
step 1340/5000 loss 0.0067 (ema 0.0077) 20.8 clip/s
step 1360/5000 loss 0.0099 (ema 0.0078) 20.8 clip/s
step 1380/5000 loss 0.0092 (ema 0.0078) 20.8 clip/s
step 1400/5000 loss 0.0082 (ema 0.0077) 20.8 clip/s
step 1420/5000 loss 0.0108 (ema 0.0081) 20.8 clip/s
step 1440/5000 loss 0.0092 (ema 0.0081) 20.9 clip/s
step 1460/5000 loss 0.0083 (ema 0.0082) 20.9 clip/s
step 1480/5000 loss 0.0082 (ema 0.0084) 20.9 clip/s
step 1500/5000 loss 0.0073 (ema 0.0081) 20.9 clip/s
step 1500 VAL 0.0087  *
step 1520/5000 loss 0.0053 (ema 0.0081) 20.8 clip/s
step 1540/5000 loss 0.0092 (ema 0.0080) 20.8 clip/s
step 1560/5000 loss 0.0105 (ema 0.0084) 20.8 clip/s
step 1580/5000 loss 0.0092 (ema 0.0084) 20.8 clip/s
step 1600/5000 loss 0.0085 (ema 0.0083) 20.8 clip/s
step 1620/5000 loss 0.0077 (ema 0.0084) 20.8 clip/s
step 1640/5000 loss 0.0063 (ema 0.0079) 20.8 clip/s
step 1660/5000 loss 0.0079 (ema 0.0076) 20.8 clip/s
step 1680/5000 loss 0.0106 (ema 0.0077) 20.9 clip/s
step 1700/5000 loss 0.0081 (ema 0.0076) 20.9 clip/s
step 1720/5000 loss 0.0069 (ema 0.0078) 20.9 clip/s
step 1740/5000 loss 0.0083 (ema 0.0077) 20.9 clip/s
step 1750 VAL 0.0077  *
step 1760/5000 loss 0.0066 (ema 0.0075) 20.8 clip/s
step 1780/5000 loss 0.0066 (ema 0.0076) 20.8 clip/s
step 1800/5000 loss 0.0065 (ema 0.0074) 20.8 clip/s
step 1820/5000 loss 0.0074 (ema 0.0075) 20.8 clip/s
step 1840/5000 loss 0.0077 (ema 0.0078) 20.8 clip/s
step 1860/5000 loss 0.0071 (ema 0.0079) 20.8 clip/s
step 1880/5000 loss 0.0068 (ema 0.0078) 20.8 clip/s
step 1900/5000 loss 0.0089 (ema 0.0079) 20.9 clip/s
step 1920/5000 loss 0.0084 (ema 0.0080) 20.9 clip/s
step 1940/5000 loss 0.0086 (ema 0.0078) 20.9 clip/s
step 1960/5000 loss 0.0074 (ema 0.0078) 20.9 clip/s
step 1980/5000 loss 0.0068 (ema 0.0076) 20.9 clip/s
step 2000/5000 loss 0.0076 (ema 0.0077) 20.9 clip/s
step 2000 VAL 0.0087
step 2020/5000 loss 0.0076 (ema 0.0077) 20.8 clip/s
step 2040/5000 loss 0.0100 (ema 0.0078) 20.8 clip/s
step 2060/5000 loss 0.0044 (ema 0.0076) 20.8 clip/s
step 2080/5000 loss 0.0097 (ema 0.0077) 20.8 clip/s
step 2100/5000 loss 0.0066 (ema 0.0076) 20.8 clip/s
step 2120/5000 loss 0.0075 (ema 0.0076) 20.8 clip/s
step 2140/5000 loss 0.0077 (ema 0.0077) 20.8 clip/s
step 2160/5000 loss 0.0072 (ema 0.0077) 20.9 clip/s
step 2180/5000 loss 0.0070 (ema 0.0078) 20.9 clip/s
step 2200/5000 loss 0.0045 (ema 0.0078) 20.9 clip/s
step 2220/5000 loss 0.0055 (ema 0.0078) 20.9 clip/s
step 2240/5000 loss 0.0077 (ema 0.0075) 20.9 clip/s
step 2250 VAL 0.0077  *
step 2260/5000 loss 0.0097 (ema 0.0075) 20.8 clip/s
step 2280/5000 loss 0.0064 (ema 0.0073) 20.8 clip/s
step 2300/5000 loss 0.0070 (ema 0.0074) 20.8 clip/s
step 2320/5000 loss 0.0089 (ema 0.0073) 20.8 clip/s
step 2340/5000 loss 0.0077 (ema 0.0073) 20.9 clip/s
step 2360/5000 loss 0.0086 (ema 0.0072) 20.9 clip/s
step 2380/5000 loss 0.0088 (ema 0.0069) 20.9 clip/s
step 2400/5000 loss 0.0085 (ema 0.0070) 20.9 clip/s
step 2420/5000 loss 0.0088 (ema 0.0075) 20.9 clip/s
step 2440/5000 loss 0.0079 (ema 0.0077) 20.9 clip/s
step 2460/5000 loss 0.0067 (ema 0.0075) 20.9 clip/s
step 2480/5000 loss 0.0099 (ema 0.0075) 20.9 clip/s
step 2500/5000 loss 0.0038 (ema 0.0073) 20.9 clip/s
step 2500 VAL 0.0083
step 2520/5000 loss 0.0082 (ema 0.0073) 20.8 clip/s
step 2540/5000 loss 0.0085 (ema 0.0073) 20.8 clip/s
step 2560/5000 loss 0.0082 (ema 0.0074) 20.8 clip/s
step 2580/5000 loss 0.0084 (ema 0.0074) 20.8 clip/s
step 2600/5000 loss 0.0069 (ema 0.0072) 20.8 clip/s
step 2620/5000 loss 0.0076 (ema 0.0077) 20.8 clip/s
step 2640/5000 loss 0.0077 (ema 0.0077) 20.9 clip/s
step 2660/5000 loss 0.0070 (ema 0.0077) 20.9 clip/s
step 2680/5000 loss 0.0083 (ema 0.0079) 20.9 clip/s
step 2700/5000 loss 0.0084 (ema 0.0081) 20.9 clip/s
step 2720/5000 loss 0.0077 (ema 0.0081) 20.9 clip/s
step 2740/5000 loss 0.0072 (ema 0.0078) 20.9 clip/s
step 2750 VAL 0.0079
step 2760/5000 loss 0.0064 (ema 0.0077) 20.8 clip/s
step 2780/5000 loss 0.0079 (ema 0.0078) 20.8 clip/s
step 2800/5000 loss 0.0039 (ema 0.0075) 20.8 clip/s
step 2820/5000 loss 0.0069 (ema 0.0077) 20.8 clip/s
step 2840/5000 loss 0.0085 (ema 0.0076) 20.8 clip/s
step 2860/5000 loss 0.0076 (ema 0.0075) 20.9 clip/s
step 2880/5000 loss 0.0086 (ema 0.0074) 20.9 clip/s
step 2900/5000 loss 0.0081 (ema 0.0072) 20.9 clip/s
step 2920/5000 loss 0.0061 (ema 0.0072) 20.9 clip/s
step 2940/5000 loss 0.0073 (ema 0.0073) 20.9 clip/s
step 2960/5000 loss 0.0107 (ema 0.0074) 20.9 clip/s
step 2980/5000 loss 0.0078 (ema 0.0072) 20.9 clip/s
step 3000/5000 loss 0.0055 (ema 0.0071) 20.9 clip/s
step 3000 VAL 0.0078
step 3020/5000 loss 0.0080 (ema 0.0074) 20.8 clip/s
step 3040/5000 loss 0.0073 (ema 0.0075) 20.8 clip/s
step 3060/5000 loss 0.0089 (ema 0.0075) 20.9 clip/s
step 3080/5000 loss 0.0065 (ema 0.0076) 20.9 clip/s
step 3100/5000 loss 0.0037 (ema 0.0072) 20.9 clip/s
step 3120/5000 loss 0.0080 (ema 0.0074) 20.9 clip/s
step 3140/5000 loss 0.0081 (ema 0.0073) 20.9 clip/s
step 3160/5000 loss 0.0071 (ema 0.0073) 20.9 clip/s
step 3180/5000 loss 0.0065 (ema 0.0073) 20.9 clip/s
step 3200/5000 loss 0.0077 (ema 0.0074) 20.9 clip/s
step 3220/5000 loss 0.0082 (ema 0.0074) 20.9 clip/s
step 3240/5000 loss 0.0076 (ema 0.0073) 20.9 clip/s
step 3250 VAL 0.0082
step 3260/5000 loss 0.0076 (ema 0.0074) 20.8 clip/s
step 3280/5000 loss 0.0110 (ema 0.0075) 20.8 clip/s
step 3300/5000 loss 0.0083 (ema 0.0075) 20.9 clip/s
step 3320/5000 loss 0.0084 (ema 0.0077) 20.9 clip/s
step 3340/5000 loss 0.0095 (ema 0.0077) 20.9 clip/s
step 3360/5000 loss 0.0053 (ema 0.0075) 20.9 clip/s
step 3380/5000 loss 0.0065 (ema 0.0076) 20.9 clip/s
step 3400/5000 loss 0.0082 (ema 0.0077) 20.9 clip/s
step 3420/5000 loss 0.0074 (ema 0.0074) 20.9 clip/s
step 3440/5000 loss 0.0072 (ema 0.0073) 20.9 clip/s
step 3460/5000 loss 0.0077 (ema 0.0072) 20.9 clip/s
step 3480/5000 loss 0.0067 (ema 0.0069) 20.9 clip/s
step 3500/5000 loss 0.0079 (ema 0.0073) 20.9 clip/s
step 3500 VAL 0.0077
step 3520/5000 loss 0.0060 (ema 0.0072) 20.9 clip/s
step 3540/5000 loss 0.0088 (ema 0.0069) 20.9 clip/s
step 3560/5000 loss 0.0056 (ema 0.0069) 20.9 clip/s
step 3580/5000 loss 0.0066 (ema 0.0068) 20.9 clip/s
step 3600/5000 loss 0.0060 (ema 0.0065) 20.9 clip/s
step 3620/5000 loss 0.0067 (ema 0.0069) 20.9 clip/s
step 3640/5000 loss 0.0076 (ema 0.0072) 20.9 clip/s
step 3660/5000 loss 0.0068 (ema 0.0072) 20.9 clip/s
step 3680/5000 loss 0.0069 (ema 0.0072) 20.9 clip/s
step 3700/5000 loss 0.0050 (ema 0.0071) 20.9 clip/s
step 3720/5000 loss 0.0064 (ema 0.0072) 20.9 clip/s
step 3740/5000 loss 0.0064 (ema 0.0072) 20.9 clip/s
step 3750 VAL 0.0080
step 3760/5000 loss 0.0084 (ema 0.0072) 20.8 clip/s
step 3780/5000 loss 0.0073 (ema 0.0071) 20.8 clip/s
step 3800/5000 loss 0.0076 (ema 0.0069) 20.9 clip/s
step 3820/5000 loss 0.0070 (ema 0.0073) 20.9 clip/s
step 3840/5000 loss 0.0076 (ema 0.0074) 20.9 clip/s
step 3860/5000 loss 0.0092 (ema 0.0075) 20.9 clip/s
step 3880/5000 loss 0.0057 (ema 0.0072) 20.9 clip/s
step 3900/5000 loss 0.0088 (ema 0.0072) 20.9 clip/s
step 3920/5000 loss 0.0073 (ema 0.0076) 20.9 clip/s
step 3940/5000 loss 0.0090 (ema 0.0078) 20.9 clip/s
step 3960/5000 loss 0.0071 (ema 0.0076) 20.9 clip/s
step 3980/5000 loss 0.0058 (ema 0.0076) 20.9 clip/s
step 4000/5000 loss 0.0083 (ema 0.0076) 20.9 clip/s
step 4000 VAL 0.0078
step 4020/5000 loss 0.0115 (ema 0.0076) 20.9 clip/s
step 4040/5000 loss 0.0075 (ema 0.0074) 20.9 clip/s
step 4060/5000 loss 0.0094 (ema 0.0073) 20.9 clip/s
step 4080/5000 loss 0.0069 (ema 0.0069) 20.9 clip/s
step 4100/5000 loss 0.0060 (ema 0.0068) 20.9 clip/s
step 4120/5000 loss 0.0073 (ema 0.0070) 20.9 clip/s
step 4140/5000 loss 0.0052 (ema 0.0068) 20.9 clip/s
step 4160/5000 loss 0.0057 (ema 0.0067) 20.9 clip/s
step 4180/5000 loss 0.0062 (ema 0.0066) 20.9 clip/s
step 4200/5000 loss 0.0065 (ema 0.0065) 20.9 clip/s
step 4220/5000 loss 0.0112 (ema 0.0070) 20.9 clip/s
step 4240/5000 loss 0.0085 (ema 0.0069) 20.9 clip/s
step 4250 VAL 0.0076  *
step 4260/5000 loss 0.0077 (ema 0.0071) 20.9 clip/s
step 4280/5000 loss 0.0072 (ema 0.0072) 20.9 clip/s
step 4300/5000 loss 0.0077 (ema 0.0072) 20.9 clip/s
step 4320/5000 loss 0.0094 (ema 0.0074) 20.9 clip/s
step 4340/5000 loss 0.0054 (ema 0.0073) 20.9 clip/s
step 4360/5000 loss 0.0076 (ema 0.0072) 20.9 clip/s
step 4380/5000 loss 0.0066 (ema 0.0071) 20.9 clip/s
step 4400/5000 loss 0.0068 (ema 0.0072) 20.9 clip/s
step 4420/5000 loss 0.0069 (ema 0.0072) 20.9 clip/s
step 4440/5000 loss 0.0081 (ema 0.0072) 20.9 clip/s
step 4460/5000 loss 0.0090 (ema 0.0072) 20.9 clip/s
step 4480/5000 loss 0.0097 (ema 0.0072) 20.9 clip/s
step 4500/5000 loss 0.0088 (ema 0.0073) 20.9 clip/s
step 4500 VAL 0.0081
step 4520/5000 loss 0.0055 (ema 0.0074) 20.9 clip/s
step 4540/5000 loss 0.0090 (ema 0.0074) 20.9 clip/s
step 4560/5000 loss 0.0084 (ema 0.0074) 20.9 clip/s
step 4580/5000 loss 0.0064 (ema 0.0072) 20.9 clip/s
step 4600/5000 loss 0.0049 (ema 0.0072) 20.9 clip/s
step 4620/5000 loss 0.0060 (ema 0.0071) 20.9 clip/s
step 4640/5000 loss 0.0076 (ema 0.0072) 20.9 clip/s
step 4660/5000 loss 0.0063 (ema 0.0070) 20.9 clip/s
step 4680/5000 loss 0.0075 (ema 0.0069) 20.9 clip/s
step 4700/5000 loss 0.0060 (ema 0.0068) 20.9 clip/s
step 4720/5000 loss 0.0117 (ema 0.0070) 20.9 clip/s
step 4740/5000 loss 0.0049 (ema 0.0069) 20.9 clip/s
step 4750 VAL 0.0071  *
step 4760/5000 loss 0.0058 (ema 0.0068) 20.9 clip/s
step 4780/5000 loss 0.0056 (ema 0.0066) 20.9 clip/s
step 4800/5000 loss 0.0061 (ema 0.0064) 20.9 clip/s
step 4820/5000 loss 0.0066 (ema 0.0070) 20.9 clip/s
step 4840/5000 loss 0.0076 (ema 0.0073) 20.9 clip/s
step 4860/5000 loss 0.0071 (ema 0.0074) 20.9 clip/s
step 4880/5000 loss 0.0090 (ema 0.0075) 20.9 clip/s
step 4900/5000 loss 0.0053 (ema 0.0074) 20.9 clip/s
step 4920/5000 loss 0.0081 (ema 0.0074) 20.9 clip/s
step 4940/5000 loss 0.0089 (ema 0.0073) 20.9 clip/s
step 4960/5000 loss 0.0043 (ema 0.0073) 20.9 clip/s
step 4980/5000 loss 0.0070 (ema 0.0073) 20.9 clip/s
step 5000/5000 loss 0.0087 (ema 0.0073) 20.9 clip/s
step 5000 VAL 0.0087
done, best val 0.0071 -> pretrain_out/enc_0.01.pth



=== fraction 0.05: 17/74 shards ===
step 20/5000 loss 0.0181 (ema 0.0371) 18.9 clip/s
step 40/5000 loss 0.0135 (ema 0.0297) 20.1 clip/s
step 60/5000 loss 0.0126 (ema 0.0241) 20.5 clip/s
step 80/5000 loss 0.0111 (ema 0.0201) 20.6 clip/s
step 100/5000 loss 0.0096 (ema 0.0171) 20.6 clip/s
step 120/5000 loss 0.0116 (ema 0.0151) 20.6 clip/s
step 140/5000 loss 0.0112 (ema 0.0135) 20.6 clip/s
step 160/5000 loss 0.0115 (ema 0.0123) 20.7 clip/s
step 180/5000 loss 0.0099 (ema 0.0114) 20.8 clip/s
step 200/5000 loss 0.0087 (ema 0.0105) 20.9 clip/s
step 220/5000 loss 0.0057 (ema 0.0104) 20.9 clip/s
step 240/5000 loss 0.0079 (ema 0.0103) 20.8 clip/s
step 250 VAL 0.0114  *
step 260/5000 loss 0.0093 (ema 0.0103) 20.5 clip/s
step 280/5000 loss 0.0103 (ema 0.0101) 20.6 clip/s
step 300/5000 loss 0.0083 (ema 0.0097) 20.6 clip/s
step 320/5000 loss 0.0083 (ema 0.0099) 20.6 clip/s
step 340/5000 loss 0.0095 (ema 0.0098) 20.7 clip/s
step 360/5000 loss 0.0090 (ema 0.0096) 20.7 clip/s
step 380/5000 loss 0.0089 (ema 0.0095) 20.8 clip/s
step 400/5000 loss 0.0092 (ema 0.0095) 20.8 clip/s
step 420/5000 loss 0.0067 (ema 0.0094) 20.8 clip/s
step 440/5000 loss 0.0074 (ema 0.0092) 20.9 clip/s
step 460/5000 loss 0.0093 (ema 0.0089) 20.9 clip/s
step 480/5000 loss 0.0086 (ema 0.0090) 20.9 clip/s
step 500/5000 loss 0.0090 (ema 0.0091) 20.9 clip/s
step 500 VAL 0.0095  *
step 520/5000 loss 0.0109 (ema 0.0088) 20.7 clip/s
step 540/5000 loss 0.0080 (ema 0.0085) 20.7 clip/s
step 560/5000 loss 0.0086 (ema 0.0085) 20.7 clip/s
step 580/5000 loss 0.0077 (ema 0.0083) 20.7 clip/s
step 600/5000 loss 0.0090 (ema 0.0082) 20.7 clip/s
step 620/5000 loss 0.0091 (ema 0.0085) 20.7 clip/s
step 640/5000 loss 0.0075 (ema 0.0085) 20.7 clip/s
step 660/5000 loss 0.0069 (ema 0.0084) 20.8 clip/s
step 680/5000 loss 0.0085 (ema 0.0082) 20.8 clip/s
step 700/5000 loss 0.0099 (ema 0.0084) 20.8 clip/s
step 720/5000 loss 0.0099 (ema 0.0086) 20.9 clip/s
step 740/5000 loss 0.0081 (ema 0.0087) 20.9 clip/s
step 750 VAL 0.0093  *
step 760/5000 loss 0.0094 (ema 0.0088) 20.7 clip/s
step 780/5000 loss 0.0080 (ema 0.0085) 20.7 clip/s
step 800/5000 loss 0.0088 (ema 0.0086) 20.7 clip/s
step 820/5000 loss 0.0073 (ema 0.0085) 20.7 clip/s
step 840/5000 loss 0.0109 (ema 0.0088) 20.7 clip/s
step 860/5000 loss 0.0059 (ema 0.0085) 20.7 clip/s
step 880/5000 loss 0.0097 (ema 0.0084) 20.8 clip/s
step 900/5000 loss 0.0087 (ema 0.0086) 20.8 clip/s
step 920/5000 loss 0.0100 (ema 0.0086) 20.8 clip/s
step 940/5000 loss 0.0096 (ema 0.0086) 20.8 clip/s
step 960/5000 loss 0.0082 (ema 0.0084) 20.8 clip/s
step 980/5000 loss 0.0083 (ema 0.0083) 20.8 clip/s
step 1000/5000 loss 0.0099 (ema 0.0084) 20.9 clip/s
step 1000 VAL 0.0093
step 1020/5000 loss 0.0071 (ema 0.0081) 20.8 clip/s
step 1040/5000 loss 0.0084 (ema 0.0079) 20.8 clip/s
step 1060/5000 loss 0.0063 (ema 0.0079) 20.8 clip/s
step 1080/5000 loss 0.0048 (ema 0.0078) 20.8 clip/s
step 1100/5000 loss 0.0088 (ema 0.0078) 20.8 clip/s
step 1120/5000 loss 0.0065 (ema 0.0078) 20.8 clip/s
step 1140/5000 loss 0.0095 (ema 0.0079) 20.8 clip/s
step 1160/5000 loss 0.0067 (ema 0.0077) 20.8 clip/s
step 1180/5000 loss 0.0037 (ema 0.0073) 20.8 clip/s
step 1200/5000 loss 0.0077 (ema 0.0072) 20.8 clip/s
step 1220/5000 loss 0.0076 (ema 0.0076) 20.9 clip/s
step 1240/5000 loss 0.0100 (ema 0.0082) 20.9 clip/s
step 1250 VAL 0.0095
step 1260/5000 loss 0.0080 (ema 0.0084) 20.8 clip/s
step 1280/5000 loss 0.0086 (ema 0.0083) 20.8 clip/s
step 1300/5000 loss 0.0082 (ema 0.0084) 20.8 clip/s
step 1320/5000 loss 0.0075 (ema 0.0080) 20.8 clip/s
step 1340/5000 loss 0.0067 (ema 0.0082) 20.8 clip/s
step 1360/5000 loss 0.0070 (ema 0.0080) 20.9 clip/s
step 1380/5000 loss 0.0098 (ema 0.0082) 20.9 clip/s
step 1400/5000 loss 0.0087 (ema 0.0082) 20.9 clip/s
step 1420/5000 loss 0.0068 (ema 0.0082) 20.9 clip/s
step 1440/5000 loss 0.0088 (ema 0.0081) 20.9 clip/s
step 1460/5000 loss 0.0080 (ema 0.0081) 20.9 clip/s
step 1480/5000 loss 0.0063 (ema 0.0080) 20.9 clip/s
step 1500/5000 loss 0.0070 (ema 0.0079) 20.9 clip/s
step 1500 VAL 0.0091  *
step 1520/5000 loss 0.0076 (ema 0.0079) 20.8 clip/s
step 1540/5000 loss 0.0079 (ema 0.0079) 20.8 clip/s
step 1560/5000 loss 0.0079 (ema 0.0077) 20.8 clip/s
step 1580/5000 loss 0.0067 (ema 0.0075) 20.8 clip/s
step 1600/5000 loss 0.0080 (ema 0.0075) 20.8 clip/s
step 1620/5000 loss 0.0157 (ema 0.0078) 20.8 clip/s
step 1640/5000 loss 0.0089 (ema 0.0080) 20.8 clip/s
step 1660/5000 loss 0.0092 (ema 0.0080) 20.9 clip/s
step 1680/5000 loss 0.0087 (ema 0.0078) 20.9 clip/s
step 1700/5000 loss 0.0082 (ema 0.0080) 20.9 clip/s
step 1720/5000 loss 0.0077 (ema 0.0081) 20.9 clip/s
step 1740/5000 loss 0.0079 (ema 0.0079) 20.9 clip/s
step 1750 VAL 0.0083  *
step 1760/5000 loss 0.0063 (ema 0.0078) 20.8 clip/s
step 1780/5000 loss 0.0069 (ema 0.0077) 20.8 clip/s
step 1800/5000 loss 0.0057 (ema 0.0076) 20.8 clip/s
step 1820/5000 loss 0.0080 (ema 0.0078) 20.8 clip/s
step 1840/5000 loss 0.0107 (ema 0.0080) 20.8 clip/s
step 1860/5000 loss 0.0086 (ema 0.0080) 20.8 clip/s
step 1880/5000 loss 0.0053 (ema 0.0079) 20.8 clip/s
step 1900/5000 loss 0.0089 (ema 0.0080) 20.8 clip/s
step 1920/5000 loss 0.0103 (ema 0.0081) 20.9 clip/s
step 1940/5000 loss 0.0075 (ema 0.0082) 20.9 clip/s
step 1960/5000 loss 0.0080 (ema 0.0080) 20.9 clip/s
step 1980/5000 loss 0.0073 (ema 0.0079) 20.9 clip/s
step 2000/5000 loss 0.0049 (ema 0.0078) 20.9 clip/s
step 2000 VAL 0.0080  *
step 2020/5000 loss 0.0085 (ema 0.0079) 20.8 clip/s
step 2040/5000 loss 0.0076 (ema 0.0079) 20.8 clip/s
step 2060/5000 loss 0.0078 (ema 0.0079) 20.8 clip/s
step 2080/5000 loss 0.0083 (ema 0.0077) 20.8 clip/s
step 2100/5000 loss 0.0052 (ema 0.0077) 20.8 clip/s
step 2120/5000 loss 0.0088 (ema 0.0078) 20.8 clip/s
step 2140/5000 loss 0.0061 (ema 0.0079) 20.8 clip/s
step 2160/5000 loss 0.0092 (ema 0.0081) 20.8 clip/s
step 2180/5000 loss 0.0072 (ema 0.0080) 20.8 clip/s
step 2200/5000 loss 0.0060 (ema 0.0078) 20.9 clip/s
step 2220/5000 loss 0.0057 (ema 0.0078) 20.9 clip/s
step 2240/5000 loss 0.0099 (ema 0.0077) 20.9 clip/s
step 2250 VAL 0.0084
step 2260/5000 loss 0.0069 (ema 0.0078) 20.8 clip/s
step 2280/5000 loss 0.0077 (ema 0.0076) 20.8 clip/s
step 2300/5000 loss 0.0061 (ema 0.0078) 20.8 clip/s
step 2320/5000 loss 0.0074 (ema 0.0079) 20.8 clip/s
step 2340/5000 loss 0.0085 (ema 0.0077) 20.8 clip/s
step 2360/5000 loss 0.0062 (ema 0.0074) 20.8 clip/s
step 2380/5000 loss 0.0095 (ema 0.0075) 20.8 clip/s
step 2400/5000 loss 0.0083 (ema 0.0075) 20.8 clip/s
step 2420/5000 loss 0.0075 (ema 0.0079) 20.8 clip/s
step 2440/5000 loss 0.0074 (ema 0.0078) 20.8 clip/s
step 2460/5000 loss 0.0070 (ema 0.0079) 20.8 clip/s
step 2480/5000 loss 0.0080 (ema 0.0077) 20.8 clip/s
step 2500/5000 loss 0.0059 (ema 0.0076) 20.8 clip/s
step 2500 VAL 0.0093
step 2520/5000 loss 0.0041 (ema 0.0076) 20.8 clip/s
step 2540/5000 loss 0.0054 (ema 0.0078) 20.8 clip/s
step 2560/5000 loss 0.0063 (ema 0.0078) 20.8 clip/s
step 2580/5000 loss 0.0085 (ema 0.0080) 20.8 clip/s
step 2600/5000 loss 0.0107 (ema 0.0081) 20.8 clip/s
step 2620/5000 loss 0.0062 (ema 0.0079) 20.8 clip/s
step 2640/5000 loss 0.0069 (ema 0.0078) 20.8 clip/s
step 2660/5000 loss 0.0068 (ema 0.0076) 20.8 clip/s
step 2680/5000 loss 0.0067 (ema 0.0077) 20.8 clip/s
step 2700/5000 loss 0.0068 (ema 0.0077) 20.8 clip/s
step 2720/5000 loss 0.0094 (ema 0.0076) 20.8 clip/s
step 2740/5000 loss 0.0115 (ema 0.0076) 20.9 clip/s
step 2750 VAL 0.0091
step 2760/5000 loss 0.0070 (ema 0.0076) 20.8 clip/s
step 2780/5000 loss 0.0063 (ema 0.0074) 20.8 clip/s
step 2800/5000 loss 0.0063 (ema 0.0075) 20.8 clip/s
step 2820/5000 loss 0.0103 (ema 0.0079) 20.8 clip/s
step 2840/5000 loss 0.0088 (ema 0.0081) 20.8 clip/s
step 2860/5000 loss 0.0083 (ema 0.0081) 20.8 clip/s
step 2880/5000 loss 0.0098 (ema 0.0083) 20.8 clip/s
step 2900/5000 loss 0.0076 (ema 0.0079) 20.8 clip/s
step 2920/5000 loss 0.0097 (ema 0.0080) 20.8 clip/s
step 2940/5000 loss 0.0086 (ema 0.0078) 20.8 clip/s
step 2960/5000 loss 0.0042 (ema 0.0079) 20.8 clip/s
step 2980/5000 loss 0.0082 (ema 0.0078) 20.8 clip/s
step 3000/5000 loss 0.0075 (ema 0.0077) 20.8 clip/s
step 3000 VAL 0.0089
step 3020/5000 loss 0.0077 (ema 0.0078) 20.8 clip/s
step 3040/5000 loss 0.0083 (ema 0.0076) 20.8 clip/s
step 3060/5000 loss 0.0073 (ema 0.0077) 20.8 clip/s
step 3080/5000 loss 0.0067 (ema 0.0073) 20.8 clip/s
step 3100/5000 loss 0.0041 (ema 0.0074) 20.8 clip/s
step 3120/5000 loss 0.0083 (ema 0.0078) 20.8 clip/s
step 3140/5000 loss 0.0081 (ema 0.0077) 20.8 clip/s
step 3160/5000 loss 0.0091 (ema 0.0079) 20.8 clip/s
step 3180/5000 loss 0.0101 (ema 0.0079) 20.8 clip/s
step 3200/5000 loss 0.0082 (ema 0.0078) 20.8 clip/s
step 3220/5000 loss 0.0040 (ema 0.0075) 20.8 clip/s
step 3240/5000 loss 0.0076 (ema 0.0073) 20.8 clip/s
step 3250 VAL 0.0080
step 3260/5000 loss 0.0073 (ema 0.0074) 20.8 clip/s
step 3280/5000 loss 0.0066 (ema 0.0072) 20.8 clip/s
step 3300/5000 loss 0.0102 (ema 0.0075) 20.7 clip/s
step 3320/5000 loss 0.0070 (ema 0.0074) 20.7 clip/s
step 3340/5000 loss 0.0079 (ema 0.0069) 20.7 clip/s
step 3360/5000 loss 0.0063 (ema 0.0067) 20.8 clip/s
step 3380/5000 loss 0.0062 (ema 0.0067) 20.7 clip/s
step 3400/5000 loss 0.0041 (ema 0.0065) 20.8 clip/s
step 3420/5000 loss 0.0054 (ema 0.0064) 20.8 clip/s
step 3440/5000 loss 0.0063 (ema 0.0063) 20.8 clip/s
step 3460/5000 loss 0.0068 (ema 0.0062) 20.8 clip/s
step 3480/5000 loss 0.0074 (ema 0.0064) 20.8 clip/s
step 3500/5000 loss 0.0064 (ema 0.0062) 20.8 clip/s
step 3500 VAL 0.0103
step 3520/5000 loss 0.0048 (ema 0.0057) 20.8 clip/s
step 3540/5000 loss 0.0065 (ema 0.0053) 20.7 clip/s
step 3560/5000 loss 0.0053 (ema 0.0051) 20.7 clip/s
step 3580/5000 loss 0.0026 (ema 0.0048) 20.7 clip/s
step 3600/5000 loss 0.0023 (ema 0.0048) 20.7 clip/s
step 3620/5000 loss 0.0051 (ema 0.0048) 20.7 clip/s
step 3640/5000 loss 0.0044 (ema 0.0049) 20.8 clip/s
step 3660/5000 loss 0.0063 (ema 0.0049) 20.8 clip/s
step 3680/5000 loss 0.0029 (ema 0.0048) 20.8 clip/s
step 3700/5000 loss 0.0043 (ema 0.0048) 20.8 clip/s
step 3720/5000 loss 0.0054 (ema 0.0052) 20.8 clip/s
step 3740/5000 loss 0.0041 (ema 0.0052) 20.8 clip/s
step 3750 VAL 0.0089
step 3760/5000 loss 0.0058 (ema 0.0054) 20.8 clip/s
step 3780/5000 loss 0.0062 (ema 0.0054) 20.8 clip/s
step 3800/5000 loss 0.0052 (ema 0.0053) 20.8 clip/s
step 3820/5000 loss 0.0059 (ema 0.0055) 20.8 clip/s
step 3840/5000 loss 0.0067 (ema 0.0055) 20.8 clip/s
step 3860/5000 loss 0.0066 (ema 0.0056) 20.8 clip/s
step 3880/5000 loss 0.0038 (ema 0.0057) 20.8 clip/s
step 3900/5000 loss 0.0082 (ema 0.0058) 20.8 clip/s
step 3920/5000 loss 0.0065 (ema 0.0056) 20.8 clip/s
step 3940/5000 loss 0.0046 (ema 0.0054) 20.8 clip/s
step 3960/5000 loss 0.0058 (ema 0.0051) 20.8 clip/s
step 3980/5000 loss 0.0041 (ema 0.0051) 20.8 clip/s
step 4000/5000 loss 0.0064 (ema 0.0052) 20.8 clip/s
step 4000 VAL 0.0091
step 4020/5000 loss 0.0030 (ema 0.0051) 20.8 clip/s
step 4040/5000 loss 0.0020 (ema 0.0049) 20.8 clip/s
step 4060/5000 loss 0.0046 (ema 0.0048) 20.8 clip/s
step 4080/5000 loss 0.0037 (ema 0.0047) 20.8 clip/s
step 4100/5000 loss 0.0045 (ema 0.0047) 20.8 clip/s
step 4120/5000 loss 0.0059 (ema 0.0049) 20.8 clip/s
step 4140/5000 loss 0.0054 (ema 0.0051) 20.8 clip/s
step 4160/5000 loss 0.0062 (ema 0.0052) 20.8 clip/s
step 4180/5000 loss 0.0047 (ema 0.0050) 20.8 clip/s
step 4200/5000 loss 0.0057 (ema 0.0051) 20.8 clip/s
step 4220/5000 loss 0.0030 (ema 0.0049) 20.8 clip/s
step 4240/5000 loss 0.0035 (ema 0.0050) 20.8 clip/s
step 4250 VAL 0.0082
step 4260/5000 loss 0.0039 (ema 0.0049) 20.8 clip/s
step 4280/5000 loss 0.0046 (ema 0.0048) 20.8 clip/s
step 4300/5000 loss 0.0040 (ema 0.0046) 20.8 clip/s
step 4320/5000 loss 0.0038 (ema 0.0047) 20.8 clip/s
step 4340/5000 loss 0.0049 (ema 0.0048) 20.8 clip/s
step 4360/5000 loss 0.0066 (ema 0.0048) 20.8 clip/s
step 4380/5000 loss 0.0052 (ema 0.0049) 20.8 clip/s
step 4400/5000 loss 0.0040 (ema 0.0050) 20.8 clip/s
step 4420/5000 loss 0.0052 (ema 0.0048) 20.8 clip/s
step 4440/5000 loss 0.0072 (ema 0.0049) 20.8 clip/s
step 4460/5000 loss 0.0039 (ema 0.0048) 20.8 clip/s
step 4480/5000 loss 0.0045 (ema 0.0047) 20.8 clip/s
step 4500/5000 loss 0.0040 (ema 0.0048) 20.8 clip/s
step 4500 VAL 0.0086
step 4520/5000 loss 0.0040 (ema 0.0051) 20.8 clip/s
step 4540/5000 loss 0.0040 (ema 0.0053) 20.8 clip/s
step 4560/5000 loss 0.0053 (ema 0.0054) 20.8 clip/s
step 4580/5000 loss 0.0061 (ema 0.0053) 20.8 clip/s
step 4600/5000 loss 0.0056 (ema 0.0054) 20.8 clip/s
step 4620/5000 loss 0.0042 (ema 0.0053) 20.8 clip/s
step 4640/5000 loss 0.0057 (ema 0.0052) 20.8 clip/s
step 4660/5000 loss 0.0045 (ema 0.0053) 20.8 clip/s
step 4680/5000 loss 0.0041 (ema 0.0053) 20.8 clip/s
step 4700/5000 loss 0.0055 (ema 0.0053) 20.8 clip/s
step 4720/5000 loss 0.0075 (ema 0.0054) 20.8 clip/s
step 4740/5000 loss 0.0042 (ema 0.0052) 20.8 clip/s
step 4750 VAL 0.0092
step 4760/5000 loss 0.0048 (ema 0.0052) 20.8 clip/s
step 4780/5000 loss 0.0070 (ema 0.0053) 20.8 clip/s
step 4800/5000 loss 0.0052 (ema 0.0052) 20.8 clip/s
step 4820/5000 loss 0.0045 (ema 0.0052) 20.8 clip/s
step 4840/5000 loss 0.0038 (ema 0.0053) 20.8 clip/s
step 4860/5000 loss 0.0043 (ema 0.0054) 20.8 clip/s
step 4880/5000 loss 0.0073 (ema 0.0054) 20.8 clip/s
step 4900/5000 loss 0.0034 (ema 0.0054) 20.8 clip/s
step 4920/5000 loss 0.0050 (ema 0.0050) 20.8 clip/s
step 4940/5000 loss 0.0053 (ema 0.0050) 20.8 clip/s
step 4960/5000 loss 0.0057 (ema 0.0049) 20.8 clip/s
step 4980/5000 loss 0.0058 (ema 0.0047) 20.8 clip/s
step 5000/5000 loss 0.0056 (ema 0.0046) 20.8 clip/s
step 5000 VAL 0.0093
done, best val 0.0080 -> pretrain_out/enc_0.05.pth



=== fraction 0.10: 34/74 shards ===
step 20/5000 loss 0.0200 (ema 0.0346) 18.8 clip/s
step 40/5000 loss 0.0138 (ema 0.0278) 20.0 clip/s
step 60/5000 loss 0.0112 (ema 0.0231) 20.5 clip/s
step 80/5000 loss 0.0112 (ema 0.0194) 20.6 clip/s
step 100/5000 loss 0.0134 (ema 0.0168) 20.6 clip/s
step 120/5000 loss 0.0111 (ema 0.0148) 20.6 clip/s
step 140/5000 loss 0.0108 (ema 0.0136) 20.6 clip/s
step 160/5000 loss 0.0090 (ema 0.0122) 20.7 clip/s
step 180/5000 loss 0.0093 (ema 0.0115) 20.8 clip/s
step 200/5000 loss 0.0092 (ema 0.0107) 20.8 clip/s
step 220/5000 loss 0.0101 (ema 0.0106) 20.9 clip/s
step 240/5000 loss 0.0118 (ema 0.0106) 20.8 clip/s
step 250 VAL 0.0118  *
step 260/5000 loss 0.0117 (ema 0.0103) 20.5 clip/s
step 280/5000 loss 0.0077 (ema 0.0100) 20.5 clip/s
step 300/5000 loss 0.0092 (ema 0.0098) 20.6 clip/s
step 320/5000 loss 0.0101 (ema 0.0099) 20.6 clip/s
step 340/5000 loss 0.0098 (ema 0.0096) 20.6 clip/s
step 360/5000 loss 0.0073 (ema 0.0096) 20.7 clip/s
step 380/5000 loss 0.0083 (ema 0.0094) 20.7 clip/s
step 400/5000 loss 0.0086 (ema 0.0094) 20.8 clip/s
step 420/5000 loss 0.0074 (ema 0.0090) 20.8 clip/s
step 440/5000 loss 0.0080 (ema 0.0090) 20.8 clip/s
step 460/5000 loss 0.0075 (ema 0.0087) 20.9 clip/s
step 480/5000 loss 0.0089 (ema 0.0086) 20.9 clip/s
step 500/5000 loss 0.0101 (ema 0.0089) 20.9 clip/s
step 500 VAL 0.0098  *
step 520/5000 loss 0.0059 (ema 0.0087) 20.7 clip/s
step 540/5000 loss 0.0072 (ema 0.0085) 20.6 clip/s
step 560/5000 loss 0.0085 (ema 0.0084) 20.7 clip/s
step 580/5000 loss 0.0080 (ema 0.0083) 20.7 clip/s
step 600/5000 loss 0.0093 (ema 0.0082) 20.7 clip/s
step 620/5000 loss 0.0093 (ema 0.0085) 20.7 clip/s
step 640/5000 loss 0.0057 (ema 0.0085) 20.7 clip/s
step 660/5000 loss 0.0086 (ema 0.0084) 20.8 clip/s
step 680/5000 loss 0.0077 (ema 0.0084) 20.8 clip/s
step 700/5000 loss 0.0094 (ema 0.0085) 20.8 clip/s
step 720/5000 loss 0.0069 (ema 0.0087) 20.8 clip/s
step 740/5000 loss 0.0073 (ema 0.0087) 20.9 clip/s
step 750 VAL 0.0092  *
step 760/5000 loss 0.0096 (ema 0.0085) 20.7 clip/s
step 780/5000 loss 0.0052 (ema 0.0085) 20.7 clip/s
step 800/5000 loss 0.0081 (ema 0.0083) 20.7 clip/s
step 820/5000 loss 0.0079 (ema 0.0083) 20.7 clip/s
step 840/5000 loss 0.0084 (ema 0.0086) 20.7 clip/s
step 860/5000 loss 0.0090 (ema 0.0085) 20.7 clip/s
step 880/5000 loss 0.0082 (ema 0.0085) 20.8 clip/s
step 900/5000 loss 0.0078 (ema 0.0085) 20.8 clip/s
step 920/5000 loss 0.0090 (ema 0.0084) 20.8 clip/s
step 940/5000 loss 0.0081 (ema 0.0085) 20.8 clip/s
step 960/5000 loss 0.0086 (ema 0.0087) 20.8 clip/s
step 980/5000 loss 0.0099 (ema 0.0085) 20.8 clip/s
step 1000/5000 loss 0.0087 (ema 0.0083) 20.8 clip/s
step 1000 VAL 0.0091  *
step 1020/5000 loss 0.0088 (ema 0.0082) 20.7 clip/s
step 1040/5000 loss 0.0081 (ema 0.0080) 20.7 clip/s
step 1060/5000 loss 0.0078 (ema 0.0078) 20.7 clip/s
step 1080/5000 loss 0.0072 (ema 0.0077) 20.7 clip/s
step 1100/5000 loss 0.0071 (ema 0.0076) 20.7 clip/s
step 1120/5000 loss 0.0059 (ema 0.0078) 20.8 clip/s
step 1140/5000 loss 0.0074 (ema 0.0079) 20.7 clip/s
step 1160/5000 loss 0.0071 (ema 0.0079) 20.8 clip/s
step 1180/5000 loss 0.0081 (ema 0.0077) 20.8 clip/s
step 1200/5000 loss 0.0048 (ema 0.0075) 20.8 clip/s
step 1220/5000 loss 0.0080 (ema 0.0081) 20.8 clip/s
step 1240/5000 loss 0.0099 (ema 0.0084) 20.8 clip/s
step 1250 VAL 0.0099
step 1260/5000 loss 0.0071 (ema 0.0084) 20.8 clip/s
step 1280/5000 loss 0.0075 (ema 0.0084) 20.8 clip/s
step 1300/5000 loss 0.0086 (ema 0.0085) 20.8 clip/s
step 1320/5000 loss 0.0082 (ema 0.0082) 20.8 clip/s
step 1340/5000 loss 0.0084 (ema 0.0081) 20.8 clip/s
step 1360/5000 loss 0.0082 (ema 0.0081) 20.8 clip/s
step 1380/5000 loss 0.0076 (ema 0.0081) 20.8 clip/s
step 1400/5000 loss 0.0085 (ema 0.0079) 20.9 clip/s
step 1420/5000 loss 0.0089 (ema 0.0077) 20.9 clip/s
step 1440/5000 loss 0.0091 (ema 0.0079) 20.9 clip/s
step 1460/5000 loss 0.0073 (ema 0.0079) 20.9 clip/s
step 1480/5000 loss 0.0060 (ema 0.0077) 20.9 clip/s
step 1500/5000 loss 0.0080 (ema 0.0077) 20.9 clip/s
step 1500 VAL 0.0094
step 1520/5000 loss 0.0093 (ema 0.0078) 20.8 clip/s
step 1540/5000 loss 0.0061 (ema 0.0076) 20.8 clip/s
step 1560/5000 loss 0.0107 (ema 0.0076) 20.8 clip/s
step 1580/5000 loss 0.0082 (ema 0.0074) 20.8 clip/s
step 1600/5000 loss 0.0063 (ema 0.0073) 20.8 clip/s
step 1620/5000 loss 0.0084 (ema 0.0074) 20.8 clip/s
step 1640/5000 loss 0.0092 (ema 0.0078) 20.8 clip/s
step 1660/5000 loss 0.0072 (ema 0.0079) 20.8 clip/s
step 1680/5000 loss 0.0084 (ema 0.0078) 20.9 clip/s
step 1700/5000 loss 0.0077 (ema 0.0077) 20.8 clip/s
step 1720/5000 loss 0.0088 (ema 0.0079) 20.9 clip/s
step 1740/5000 loss 0.0083 (ema 0.0079) 20.9 clip/s
step 1750 VAL 0.0085  *
step 1760/5000 loss 0.0081 (ema 0.0078) 20.8 clip/s
step 1780/5000 loss 0.0079 (ema 0.0077) 20.8 clip/s
step 1800/5000 loss 0.0076 (ema 0.0076) 20.8 clip/s
step 1820/5000 loss 0.0072 (ema 0.0079) 20.8 clip/s
step 1840/5000 loss 0.0063 (ema 0.0079) 20.8 clip/s
step 1860/5000 loss 0.0064 (ema 0.0080) 20.8 clip/s
step 1880/5000 loss 0.0082 (ema 0.0080) 20.8 clip/s
step 1900/5000 loss 0.0104 (ema 0.0080) 20.8 clip/s
step 1920/5000 loss 0.0074 (ema 0.0081) 20.9 clip/s
step 1940/5000 loss 0.0086 (ema 0.0080) 20.9 clip/s
step 1960/5000 loss 0.0068 (ema 0.0079) 20.9 clip/s
step 1980/5000 loss 0.0091 (ema 0.0080) 20.9 clip/s
step 2000/5000 loss 0.0066 (ema 0.0080) 20.9 clip/s
step 2000 VAL 0.0094
step 2020/5000 loss 0.0076 (ema 0.0080) 20.8 clip/s
step 2040/5000 loss 0.0071 (ema 0.0079) 20.8 clip/s
step 2060/5000 loss 0.0084 (ema 0.0080) 20.8 clip/s
step 2080/5000 loss 0.0082 (ema 0.0078) 20.8 clip/s
step 2100/5000 loss 0.0086 (ema 0.0080) 20.8 clip/s
step 2120/5000 loss 0.0087 (ema 0.0080) 20.8 clip/s
step 2140/5000 loss 0.0069 (ema 0.0080) 20.9 clip/s
step 2160/5000 loss 0.0086 (ema 0.0078) 20.9 clip/s
step 2180/5000 loss 0.0066 (ema 0.0077) 20.8 clip/s
step 2200/5000 loss 0.0071 (ema 0.0078) 20.9 clip/s
step 2220/5000 loss 0.0083 (ema 0.0078) 20.9 clip/s
step 2240/5000 loss 0.0080 (ema 0.0080) 20.9 clip/s
step 2250 VAL 0.0090
step 2260/5000 loss 0.0078 (ema 0.0079) 20.8 clip/s
step 2280/5000 loss 0.0079 (ema 0.0079) 20.8 clip/s
step 2300/5000 loss 0.0073 (ema 0.0079) 20.8 clip/s
step 2320/5000 loss 0.0084 (ema 0.0079) 20.8 clip/s
step 2340/5000 loss 0.0075 (ema 0.0078) 20.8 clip/s
step 2360/5000 loss 0.0078 (ema 0.0075) 20.8 clip/s
step 2380/5000 loss 0.0063 (ema 0.0076) 20.8 clip/s
step 2400/5000 loss 0.0084 (ema 0.0076) 20.8 clip/s
step 2420/5000 loss 0.0074 (ema 0.0076) 20.8 clip/s
step 2440/5000 loss 0.0065 (ema 0.0074) 20.8 clip/s
step 2460/5000 loss 0.0077 (ema 0.0074) 20.8 clip/s
step 2480/5000 loss 0.0080 (ema 0.0073) 20.8 clip/s
step 2500/5000 loss 0.0064 (ema 0.0073) 20.8 clip/s
step 2500 VAL 0.0089
step 2520/5000 loss 0.0075 (ema 0.0075) 20.8 clip/s
step 2540/5000 loss 0.0070 (ema 0.0075) 20.8 clip/s
step 2560/5000 loss 0.0069 (ema 0.0076) 20.8 clip/s
step 2580/5000 loss 0.0057 (ema 0.0077) 20.8 clip/s
step 2600/5000 loss 0.0068 (ema 0.0078) 20.8 clip/s
step 2620/5000 loss 0.0071 (ema 0.0079) 20.8 clip/s
step 2640/5000 loss 0.0089 (ema 0.0080) 20.8 clip/s
step 2660/5000 loss 0.0069 (ema 0.0079) 20.8 clip/s
step 2680/5000 loss 0.0067 (ema 0.0080) 20.8 clip/s
step 2700/5000 loss 0.0087 (ema 0.0079) 20.8 clip/s
step 2720/5000 loss 0.0079 (ema 0.0079) 20.8 clip/s
step 2740/5000 loss 0.0095 (ema 0.0078) 20.9 clip/s
step 2750 VAL 0.0082  *
step 2760/5000 loss 0.0063 (ema 0.0074) 20.8 clip/s
step 2780/5000 loss 0.0067 (ema 0.0075) 20.8 clip/s
step 2800/5000 loss 0.0092 (ema 0.0074) 20.8 clip/s
step 2820/5000 loss 0.0067 (ema 0.0077) 20.8 clip/s
step 2840/5000 loss 0.0068 (ema 0.0079) 20.8 clip/s
step 2860/5000 loss 0.0095 (ema 0.0082) 20.8 clip/s
step 2880/5000 loss 0.0086 (ema 0.0080) 20.8 clip/s
step 2900/5000 loss 0.0090 (ema 0.0080) 20.8 clip/s
step 2920/5000 loss 0.0071 (ema 0.0080) 20.8 clip/s
step 2940/5000 loss 0.0087 (ema 0.0080) 20.8 clip/s
step 2960/5000 loss 0.0082 (ema 0.0078) 20.8 clip/s
step 2980/5000 loss 0.0081 (ema 0.0082) 20.8 clip/s
step 3000/5000 loss 0.0092 (ema 0.0079) 20.8 clip/s
step 3000 VAL 0.0080  *
step 3020/5000 loss 0.0086 (ema 0.0078) 20.8 clip/s
step 3040/5000 loss 0.0064 (ema 0.0076) 20.8 clip/s
step 3060/5000 loss 0.0073 (ema 0.0075) 20.8 clip/s
step 3080/5000 loss 0.0088 (ema 0.0076) 20.8 clip/s
step 3100/5000 loss 0.0072 (ema 0.0075) 20.8 clip/s
step 3120/5000 loss 0.0093 (ema 0.0078) 20.8 clip/s
step 3140/5000 loss 0.0079 (ema 0.0080) 20.8 clip/s
step 3160/5000 loss 0.0072 (ema 0.0078) 20.8 clip/s
step 3180/5000 loss 0.0072 (ema 0.0078) 20.8 clip/s
step 3200/5000 loss 0.0076 (ema 0.0076) 20.8 clip/s
step 3220/5000 loss 0.0071 (ema 0.0077) 20.8 clip/s
step 3240/5000 loss 0.0048 (ema 0.0075) 20.8 clip/s
step 3250 VAL 0.0083
step 3260/5000 loss 0.0067 (ema 0.0074) 20.7 clip/s
step 3280/5000 loss 0.0063 (ema 0.0074) 20.7 clip/s
step 3300/5000 loss 0.0070 (ema 0.0073) 20.7 clip/s
step 3320/5000 loss 0.0065 (ema 0.0071) 20.7 clip/s
step 3340/5000 loss 0.0071 (ema 0.0069) 20.7 clip/s
step 3360/5000 loss 0.0059 (ema 0.0068) 20.7 clip/s
step 3380/5000 loss 0.0069 (ema 0.0066) 20.7 clip/s
step 3400/5000 loss 0.0073 (ema 0.0065) 20.7 clip/s
step 3420/5000 loss 0.0043 (ema 0.0063) 20.7 clip/s
step 3440/5000 loss 0.0056 (ema 0.0062) 20.8 clip/s
step 3460/5000 loss 0.0060 (ema 0.0060) 20.8 clip/s
step 3480/5000 loss 0.0064 (ema 0.0060) 20.8 clip/s
step 3500/5000 loss 0.0070 (ema 0.0060) 20.8 clip/s
step 3500 VAL 0.0101
step 3520/5000 loss 0.0025 (ema 0.0056) 20.7 clip/s
step 3540/5000 loss 0.0050 (ema 0.0053) 20.7 clip/s
step 3560/5000 loss 0.0044 (ema 0.0051) 20.7 clip/s
step 3580/5000 loss 0.0032 (ema 0.0049) 20.7 clip/s
step 3600/5000 loss 0.0020 (ema 0.0047) 20.7 clip/s
step 3620/5000 loss 0.0067 (ema 0.0049) 20.7 clip/s
step 3640/5000 loss 0.0048 (ema 0.0049) 20.7 clip/s
step 3660/5000 loss 0.0064 (ema 0.0050) 20.7 clip/s
step 3680/5000 loss 0.0078 (ema 0.0050) 20.8 clip/s
step 3700/5000 loss 0.0063 (ema 0.0049) 20.8 clip/s
step 3720/5000 loss 0.0052 (ema 0.0053) 20.8 clip/s
step 3740/5000 loss 0.0052 (ema 0.0053) 20.8 clip/s
step 3750 VAL 0.0091
step 3760/5000 loss 0.0065 (ema 0.0054) 20.7 clip/s
step 3780/5000 loss 0.0077 (ema 0.0056) 20.7 clip/s
step 3800/5000 loss 0.0072 (ema 0.0057) 20.7 clip/s
step 3820/5000 loss 0.0057 (ema 0.0061) 20.8 clip/s
step 3840/5000 loss 0.0042 (ema 0.0060) 20.8 clip/s
step 3860/5000 loss 0.0052 (ema 0.0059) 20.8 clip/s
step 3880/5000 loss 0.0075 (ema 0.0058) 20.8 clip/s
step 3900/5000 loss 0.0090 (ema 0.0059) 20.8 clip/s
step 3920/5000 loss 0.0073 (ema 0.0056) 20.8 clip/s
step 3940/5000 loss 0.0060 (ema 0.0054) 20.8 clip/s
step 3960/5000 loss 0.0062 (ema 0.0054) 20.8 clip/s
step 3980/5000 loss 0.0057 (ema 0.0052) 20.8 clip/s
step 4000/5000 loss 0.0051 (ema 0.0054) 20.8 clip/s
step 4000 VAL 0.0116
step 4020/5000 loss 0.0047 (ema 0.0052) 20.8 clip/s
step 4040/5000 loss 0.0062 (ema 0.0051) 20.8 clip/s
step 4060/5000 loss 0.0055 (ema 0.0049) 20.8 clip/s
step 4080/5000 loss 0.0043 (ema 0.0049) 20.7 clip/s
step 4100/5000 loss 0.0042 (ema 0.0048) 20.7 clip/s
step 4120/5000 loss 0.0075 (ema 0.0049) 20.8 clip/s
step 4140/5000 loss 0.0040 (ema 0.0049) 20.8 clip/s
step 4160/5000 loss 0.0083 (ema 0.0050) 20.8 clip/s
step 4180/5000 loss 0.0058 (ema 0.0050) 20.8 clip/s
step 4200/5000 loss 0.0040 (ema 0.0047) 20.8 clip/s
step 4220/5000 loss 0.0043 (ema 0.0047) 20.8 clip/s
step 4240/5000 loss 0.0039 (ema 0.0047) 20.8 clip/s
step 4250 VAL 0.0093
step 4260/5000 loss 0.0063 (ema 0.0049) 20.8 clip/s
step 4280/5000 loss 0.0040 (ema 0.0047) 20.8 clip/s
step 4300/5000 loss 0.0038 (ema 0.0047) 20.8 clip/s
step 4320/5000 loss 0.0063 (ema 0.0049) 20.8 clip/s
step 4340/5000 loss 0.0044 (ema 0.0051) 20.8 clip/s
step 4360/5000 loss 0.0058 (ema 0.0052) 20.8 clip/s
step 4380/5000 loss 0.0043 (ema 0.0052) 20.8 clip/s
step 4400/5000 loss 0.0047 (ema 0.0052) 20.8 clip/s
step 4420/5000 loss 0.0037 (ema 0.0051) 20.8 clip/s
step 4440/5000 loss 0.0057 (ema 0.0051) 20.8 clip/s
step 4460/5000 loss 0.0042 (ema 0.0048) 20.8 clip/s
step 4480/5000 loss 0.0065 (ema 0.0050) 20.8 clip/s
step 4500/5000 loss 0.0045 (ema 0.0050) 20.8 clip/s
step 4500 VAL 0.0094
step 4520/5000 loss 0.0066 (ema 0.0054) 20.8 clip/s
step 4540/5000 loss 0.0060 (ema 0.0055) 20.8 clip/s
step 4560/5000 loss 0.0061 (ema 0.0056) 20.8 clip/s
step 4580/5000 loss 0.0062 (ema 0.0056) 20.8 clip/s
step 4600/5000 loss 0.0046 (ema 0.0056) 20.8 clip/s
step 4620/5000 loss 0.0037 (ema 0.0055) 20.8 clip/s
step 4640/5000 loss 0.0040 (ema 0.0053) 20.8 clip/s
step 4660/5000 loss 0.0036 (ema 0.0052) 20.8 clip/s
step 4680/5000 loss 0.0048 (ema 0.0052) 20.8 clip/s
step 4700/5000 loss 0.0058 (ema 0.0053) 20.8 clip/s
step 4720/5000 loss 0.0047 (ema 0.0053) 20.8 clip/s
step 4740/5000 loss 0.0066 (ema 0.0052) 20.8 clip/s
step 4750 VAL 0.0089
step 4760/5000 loss 0.0054 (ema 0.0052) 20.8 clip/s
step 4780/5000 loss 0.0046 (ema 0.0052) 20.8 clip/s
step 4800/5000 loss 0.0063 (ema 0.0053) 20.8 clip/s
step 4820/5000 loss 0.0055 (ema 0.0053) 20.8 clip/s
step 4840/5000 loss 0.0033 (ema 0.0052) 20.8 clip/s
step 4860/5000 loss 0.0059 (ema 0.0053) 20.8 clip/s
step 4880/5000 loss 0.0067 (ema 0.0053) 20.8 clip/s
step 4900/5000 loss 0.0030 (ema 0.0053) 20.8 clip/s
step 4920/5000 loss 0.0047 (ema 0.0052) 20.8 clip/s
step 4940/5000 loss 0.0049 (ema 0.0050) 20.8 clip/s
step 4960/5000 loss 0.0037 (ema 0.0049) 20.8 clip/s
step 4980/5000 loss 0.0058 (ema 0.0050) 20.8 clip/s
step 5000/5000 loss 0.0067 (ema 0.0048) 20.8 clip/s
step 5000 VAL 0.0090
done, best val 0.0080 -> pretrain_out/enc_0.10.pth


=== fraction 0.20: 68/74 shards ===
step 20/5000 loss 0.0192 (ema 0.0409) 18.9 clip/s
step 40/5000 loss 0.0136 (ema 0.0322) 20.1 clip/s
step 60/5000 loss 0.0116 (ema 0.0259) 20.5 clip/s
step 80/5000 loss 0.0100 (ema 0.0211) 20.6 clip/s
step 100/5000 loss 0.0104 (ema 0.0177) 20.6 clip/s
step 120/5000 loss 0.0088 (ema 0.0154) 20.6 clip/s
step 140/5000 loss 0.0083 (ema 0.0135) 20.6 clip/s
step 160/5000 loss 0.0111 (ema 0.0121) 20.7 clip/s
step 180/5000 loss 0.0072 (ema 0.0111) 20.8 clip/s
step 200/5000 loss 0.0084 (ema 0.0105) 20.9 clip/s
step 220/5000 loss 0.0098 (ema 0.0104) 20.9 clip/s
step 240/5000 loss 0.0096 (ema 0.0101) 20.8 clip/s
step 250 VAL 0.0113  *
step 260/5000 loss 0.0087 (ema 0.0101) 20.5 clip/s
step 280/5000 loss 0.0085 (ema 0.0099) 20.6 clip/s
step 300/5000 loss 0.0090 (ema 0.0099) 20.6 clip/s
step 320/5000 loss 0.0115 (ema 0.0099) 20.6 clip/s
step 340/5000 loss 0.0089 (ema 0.0097) 20.7 clip/s
step 360/5000 loss 0.0077 (ema 0.0099) 20.7 clip/s
step 380/5000 loss 0.0057 (ema 0.0097) 20.8 clip/s
step 400/5000 loss 0.0092 (ema 0.0097) 20.8 clip/s
step 420/5000 loss 0.0071 (ema 0.0092) 20.8 clip/s
step 440/5000 loss 0.0071 (ema 0.0090) 20.9 clip/s
step 460/5000 loss 0.0090 (ema 0.0089) 20.9 clip/s
step 480/5000 loss 0.0077 (ema 0.0085) 20.9 clip/s
step 500/5000 loss 0.0096 (ema 0.0085) 20.9 clip/s
step 500 VAL 0.0098  *
step 520/5000 loss 0.0088 (ema 0.0083) 20.7 clip/s
step 540/5000 loss 0.0070 (ema 0.0082) 20.7 clip/s
step 560/5000 loss 0.0073 (ema 0.0082) 20.7 clip/s
step 580/5000 loss 0.0090 (ema 0.0083) 20.7 clip/s
step 600/5000 loss 0.0090 (ema 0.0083) 20.7 clip/s
step 620/5000 loss 0.0078 (ema 0.0085) 20.7 clip/s
step 640/5000 loss 0.0092 (ema 0.0086) 20.7 clip/s
step 660/5000 loss 0.0096 (ema 0.0085) 20.8 clip/s
step 680/5000 loss 0.0098 (ema 0.0086) 20.8 clip/s
step 700/5000 loss 0.0067 (ema 0.0085) 20.8 clip/s
step 720/5000 loss 0.0085 (ema 0.0088) 20.9 clip/s
step 740/5000 loss 0.0086 (ema 0.0089) 20.9 clip/s
step 750 VAL 0.0100
step 760/5000 loss 0.0113 (ema 0.0088) 20.7 clip/s
step 780/5000 loss 0.0075 (ema 0.0087) 20.7 clip/s
step 800/5000 loss 0.0068 (ema 0.0084) 20.7 clip/s
step 820/5000 loss 0.0070 (ema 0.0084) 20.8 clip/s
step 840/5000 loss 0.0080 (ema 0.0082) 20.8 clip/s
step 860/5000 loss 0.0078 (ema 0.0080) 20.8 clip/s
step 880/5000 loss 0.0068 (ema 0.0080) 20.8 clip/s
step 900/5000 loss 0.0099 (ema 0.0084) 20.8 clip/s
step 920/5000 loss 0.0068 (ema 0.0083) 20.8 clip/s
step 940/5000 loss 0.0077 (ema 0.0085) 20.8 clip/s
step 960/5000 loss 0.0085 (ema 0.0084) 20.8 clip/s
step 980/5000 loss 0.0072 (ema 0.0082) 20.8 clip/s
step 1000/5000 loss 0.0082 (ema 0.0084) 20.9 clip/s
step 1000 VAL 0.0090  *
step 1020/5000 loss 0.0096 (ema 0.0083) 20.8 clip/s
step 1040/5000 loss 0.0066 (ema 0.0081) 20.8 clip/s
step 1060/5000 loss 0.0044 (ema 0.0078) 20.8 clip/s
step 1080/5000 loss 0.0087 (ema 0.0079) 20.8 clip/s
step 1100/5000 loss 0.0076 (ema 0.0078) 20.8 clip/s
step 1120/5000 loss 0.0088 (ema 0.0078) 20.8 clip/s
step 1140/5000 loss 0.0041 (ema 0.0077) 20.8 clip/s
step 1160/5000 loss 0.0077 (ema 0.0076) 20.8 clip/s
step 1180/5000 loss 0.0081 (ema 0.0076) 20.8 clip/s
step 1200/5000 loss 0.0079 (ema 0.0073) 20.8 clip/s
step 1220/5000 loss 0.0107 (ema 0.0078) 20.9 clip/s
step 1240/5000 loss 0.0105 (ema 0.0082) 20.9 clip/s
step 1250 VAL 0.0106
step 1260/5000 loss 0.0057 (ema 0.0086) 20.8 clip/s
step 1280/5000 loss 0.0103 (ema 0.0087) 20.8 clip/s
step 1300/5000 loss 0.0123 (ema 0.0088) 20.8 clip/s
step 1320/5000 loss 0.0079 (ema 0.0084) 20.8 clip/s
step 1340/5000 loss 0.0097 (ema 0.0083) 20.8 clip/s
step 1360/5000 loss 0.0066 (ema 0.0080) 20.9 clip/s
step 1380/5000 loss 0.0092 (ema 0.0081) 20.9 clip/s
step 1400/5000 loss 0.0094 (ema 0.0080) 20.9 clip/s
step 1420/5000 loss 0.0064 (ema 0.0077) 20.9 clip/s
step 1440/5000 loss 0.0093 (ema 0.0080) 20.9 clip/s
step 1460/5000 loss 0.0080 (ema 0.0078) 20.9 clip/s
step 1480/5000 loss 0.0063 (ema 0.0077) 20.9 clip/s
step 1500/5000 loss 0.0082 (ema 0.0076) 20.9 clip/s
step 1500 VAL 0.0091
step 1520/5000 loss 0.0073 (ema 0.0074) 20.8 clip/s
step 1540/5000 loss 0.0070 (ema 0.0076) 20.8 clip/s
step 1560/5000 loss 0.0074 (ema 0.0076) 20.8 clip/s
step 1580/5000 loss 0.0066 (ema 0.0075) 20.8 clip/s
step 1600/5000 loss 0.0064 (ema 0.0074) 20.8 clip/s
step 1620/5000 loss 0.0091 (ema 0.0076) 20.8 clip/s
step 1640/5000 loss 0.0069 (ema 0.0078) 20.9 clip/s
step 1660/5000 loss 0.0078 (ema 0.0078) 20.9 clip/s
step 1680/5000 loss 0.0081 (ema 0.0079) 20.9 clip/s
step 1700/5000 loss 0.0074 (ema 0.0079) 20.9 clip/s
step 1720/5000 loss 0.0074 (ema 0.0079) 20.9 clip/s
step 1740/5000 loss 0.0072 (ema 0.0076) 20.9 clip/s
step 1750 VAL 0.0086  *
step 1760/5000 loss 0.0078 (ema 0.0076) 20.8 clip/s
step 1780/5000 loss 0.0091 (ema 0.0076) 20.8 clip/s
step 1800/5000 loss 0.0086 (ema 0.0075) 20.8 clip/s
step 1820/5000 loss 0.0068 (ema 0.0077) 20.8 clip/s
step 1840/5000 loss 0.0073 (ema 0.0080) 20.8 clip/s
step 1860/5000 loss 0.0096 (ema 0.0082) 20.8 clip/s
step 1880/5000 loss 0.0067 (ema 0.0082) 20.8 clip/s
step 1900/5000 loss 0.0087 (ema 0.0082) 20.9 clip/s
step 1920/5000 loss 0.0079 (ema 0.0082) 20.9 clip/s
step 1940/5000 loss 0.0081 (ema 0.0082) 20.9 clip/s
step 1960/5000 loss 0.0078 (ema 0.0082) 20.9 clip/s
step 1980/5000 loss 0.0084 (ema 0.0081) 20.9 clip/s
step 2000/5000 loss 0.0082 (ema 0.0079) 20.9 clip/s
step 2000 VAL 0.0083  *
step 2020/5000 loss 0.0074 (ema 0.0078) 20.8 clip/s
step 2040/5000 loss 0.0075 (ema 0.0079) 20.8 clip/s
step 2060/5000 loss 0.0080 (ema 0.0079) 20.8 clip/s
step 2080/5000 loss 0.0069 (ema 0.0079) 20.8 clip/s
step 2100/5000 loss 0.0062 (ema 0.0079) 20.8 clip/s
step 2120/5000 loss 0.0103 (ema 0.0081) 20.8 clip/s
step 2140/5000 loss 0.0092 (ema 0.0083) 20.9 clip/s
step 2160/5000 loss 0.0074 (ema 0.0081) 20.9 clip/s
step 2180/5000 loss 0.0078 (ema 0.0081) 20.9 clip/s
step 2200/5000 loss 0.0073 (ema 0.0078) 20.9 clip/s
step 2220/5000 loss 0.0107 (ema 0.0081) 20.9 clip/s
step 2240/5000 loss 0.0074 (ema 0.0080) 20.9 clip/s
step 2250 VAL 0.0089
step 2260/5000 loss 0.0068 (ema 0.0079) 20.8 clip/s
step 2280/5000 loss 0.0072 (ema 0.0078) 20.8 clip/s
step 2300/5000 loss 0.0060 (ema 0.0075) 20.8 clip/s
step 2320/5000 loss 0.0092 (ema 0.0076) 20.8 clip/s
step 2340/5000 loss 0.0076 (ema 0.0075) 20.8 clip/s
step 2360/5000 loss 0.0087 (ema 0.0075) 20.8 clip/s
step 2380/5000 loss 0.0088 (ema 0.0076) 20.8 clip/s
step 2400/5000 loss 0.0061 (ema 0.0076) 20.8 clip/s
step 2420/5000 loss 0.0082 (ema 0.0078) 20.8 clip/s
step 2440/5000 loss 0.0066 (ema 0.0076) 20.8 clip/s
step 2460/5000 loss 0.0100 (ema 0.0076) 20.8 clip/s
step 2480/5000 loss 0.0072 (ema 0.0077) 20.8 clip/s
step 2500/5000 loss 0.0061 (ema 0.0074) 20.9 clip/s
step 2500 VAL 0.0083  *
step 2520/5000 loss 0.0088 (ema 0.0077) 20.8 clip/s
step 2540/5000 loss 0.0083 (ema 0.0080) 20.8 clip/s
step 2560/5000 loss 0.0076 (ema 0.0080) 20.8 clip/s
step 2580/5000 loss 0.0076 (ema 0.0079) 20.8 clip/s
step 2600/5000 loss 0.0087 (ema 0.0080) 20.8 clip/s
step 2620/5000 loss 0.0068 (ema 0.0078) 20.8 clip/s
step 2640/5000 loss 0.0103 (ema 0.0078) 20.8 clip/s
step 2660/5000 loss 0.0065 (ema 0.0077) 20.8 clip/s
step 2680/5000 loss 0.0057 (ema 0.0073) 20.8 clip/s
step 2700/5000 loss 0.0065 (ema 0.0075) 20.8 clip/s
step 2720/5000 loss 0.0085 (ema 0.0076) 20.8 clip/s
step 2740/5000 loss 0.0084 (ema 0.0076) 20.9 clip/s
step 2750 VAL 0.0091
step 2760/5000 loss 0.0083 (ema 0.0077) 20.8 clip/s
step 2780/5000 loss 0.0081 (ema 0.0076) 20.8 clip/s
step 2800/5000 loss 0.0110 (ema 0.0078) 20.8 clip/s
step 2820/5000 loss 0.0070 (ema 0.0080) 20.8 clip/s
step 2840/5000 loss 0.0068 (ema 0.0082) 20.8 clip/s
step 2860/5000 loss 0.0079 (ema 0.0082) 20.8 clip/s
step 2880/5000 loss 0.0087 (ema 0.0083) 20.8 clip/s
step 2900/5000 loss 0.0066 (ema 0.0081) 20.8 clip/s
step 2920/5000 loss 0.0057 (ema 0.0082) 20.8 clip/s
step 2940/5000 loss 0.0053 (ema 0.0077) 20.8 clip/s
step 2960/5000 loss 0.0099 (ema 0.0079) 20.8 clip/s
step 2980/5000 loss 0.0112 (ema 0.0081) 20.8 clip/s
step 3000/5000 loss 0.0087 (ema 0.0079) 20.8 clip/s
step 3000 VAL 0.0082  *
step 3020/5000 loss 0.0083 (ema 0.0077) 20.8 clip/s
step 3040/5000 loss 0.0073 (ema 0.0075) 20.8 clip/s
step 3060/5000 loss 0.0063 (ema 0.0073) 20.8 clip/s
step 3080/5000 loss 0.0075 (ema 0.0073) 20.8 clip/s
step 3100/5000 loss 0.0055 (ema 0.0072) 20.8 clip/s
step 3120/5000 loss 0.0093 (ema 0.0075) 20.8 clip/s
step 3140/5000 loss 0.0057 (ema 0.0076) 20.8 clip/s
step 3160/5000 loss 0.0093 (ema 0.0079) 20.8 clip/s
step 3180/5000 loss 0.0068 (ema 0.0078) 20.8 clip/s
step 3200/5000 loss 0.0088 (ema 0.0078) 20.8 clip/s
step 3220/5000 loss 0.0039 (ema 0.0077) 20.8 clip/s
step 3240/5000 loss 0.0085 (ema 0.0076) 20.8 clip/s
step 3250 VAL 0.0095
step 3260/5000 loss 0.0084 (ema 0.0074) 20.7 clip/s
step 3280/5000 loss 0.0072 (ema 0.0075) 20.7 clip/s
step 3300/5000 loss 0.0049 (ema 0.0074) 20.7 clip/s
step 3320/5000 loss 0.0045 (ema 0.0070) 20.7 clip/s
step 3340/5000 loss 0.0082 (ema 0.0067) 20.7 clip/s
step 3360/5000 loss 0.0069 (ema 0.0065) 20.7 clip/s
step 3380/5000 loss 0.0048 (ema 0.0063) 20.7 clip/s
step 3400/5000 loss 0.0057 (ema 0.0061) 20.7 clip/s
step 3420/5000 loss 0.0047 (ema 0.0061) 20.8 clip/s
step 3440/5000 loss 0.0061 (ema 0.0060) 20.8 clip/s
step 3460/5000 loss 0.0062 (ema 0.0061) 20.8 clip/s
step 3480/5000 loss 0.0054 (ema 0.0059) 20.8 clip/s
step 3500/5000 loss 0.0081 (ema 0.0060) 20.8 clip/s
step 3500 VAL 0.0109
step 3520/5000 loss 0.0030 (ema 0.0056) 20.7 clip/s
step 3540/5000 loss 0.0049 (ema 0.0053) 20.7 clip/s
step 3560/5000 loss 0.0040 (ema 0.0051) 20.7 clip/s
step 3580/5000 loss 0.0050 (ema 0.0049) 20.7 clip/s
step 3600/5000 loss 0.0038 (ema 0.0047) 20.7 clip/s
step 3620/5000 loss 0.0040 (ema 0.0046) 20.7 clip/s
step 3640/5000 loss 0.0059 (ema 0.0047) 20.7 clip/s
step 3660/5000 loss 0.0043 (ema 0.0049) 20.8 clip/s
step 3680/5000 loss 0.0059 (ema 0.0050) 20.8 clip/s
step 3700/5000 loss 0.0050 (ema 0.0049) 20.8 clip/s
step 3720/5000 loss 0.0069 (ema 0.0052) 20.8 clip/s
step 3740/5000 loss 0.0034 (ema 0.0054) 20.8 clip/s
step 3750 VAL 0.0101
step 3760/5000 loss 0.0084 (ema 0.0056) 20.8 clip/s
step 3780/5000 loss 0.0078 (ema 0.0058) 20.8 clip/s
step 3800/5000 loss 0.0077 (ema 0.0057) 20.8 clip/s
step 3820/5000 loss 0.0047 (ema 0.0057) 20.8 clip/s
step 3840/5000 loss 0.0066 (ema 0.0057) 20.8 clip/s
step 3860/5000 loss 0.0072 (ema 0.0057) 20.8 clip/s
step 3880/5000 loss 0.0078 (ema 0.0058) 20.8 clip/s
step 3900/5000 loss 0.0045 (ema 0.0057) 20.8 clip/s
step 3920/5000 loss 0.0069 (ema 0.0056) 20.8 clip/s
step 3940/5000 loss 0.0060 (ema 0.0054) 20.8 clip/s
step 3960/5000 loss 0.0064 (ema 0.0053) 20.8 clip/s
step 3980/5000 loss 0.0055 (ema 0.0052) 20.8 clip/s
step 4000/5000 loss 0.0051 (ema 0.0050) 20.8 clip/s
step 4000 VAL 0.0087
step 4020/5000 loss 0.0037 (ema 0.0048) 20.8 clip/s
step 4040/5000 loss 0.0036 (ema 0.0046) 20.8 clip/s
step 4060/5000 loss 0.0046 (ema 0.0045) 20.8 clip/s
step 4080/5000 loss 0.0046 (ema 0.0046) 20.8 clip/s
step 4100/5000 loss 0.0036 (ema 0.0044) 20.8 clip/s
step 4120/5000 loss 0.0031 (ema 0.0046) 20.8 clip/s
step 4140/5000 loss 0.0042 (ema 0.0046) 20.8 clip/s
step 4160/5000 loss 0.0049 (ema 0.0048) 20.8 clip/s
step 4180/5000 loss 0.0062 (ema 0.0049) 20.8 clip/s
step 4200/5000 loss 0.0027 (ema 0.0049) 20.8 clip/s
step 4220/5000 loss 0.0058 (ema 0.0048) 20.8 clip/s
step 4240/5000 loss 0.0048 (ema 0.0047) 20.8 clip/s
step 4250 VAL 0.0088
step 4260/5000 loss 0.0067 (ema 0.0047) 20.8 clip/s
step 4280/5000 loss 0.0026 (ema 0.0045) 20.8 clip/s
step 4300/5000 loss 0.0052 (ema 0.0045) 20.8 clip/s
step 4320/5000 loss 0.0039 (ema 0.0046) 20.8 clip/s
step 4340/5000 loss 0.0054 (ema 0.0049) 20.8 clip/s
step 4360/5000 loss 0.0038 (ema 0.0049) 20.8 clip/s
step 4380/5000 loss 0.0048 (ema 0.0049) 20.8 clip/s
step 4400/5000 loss 0.0041 (ema 0.0049) 20.8 clip/s
step 4420/5000 loss 0.0037 (ema 0.0049) 20.8 clip/s
step 4440/5000 loss 0.0046 (ema 0.0049) 20.8 clip/s
step 4460/5000 loss 0.0031 (ema 0.0048) 20.8 clip/s
step 4480/5000 loss 0.0075 (ema 0.0049) 20.8 clip/s
step 4500/5000 loss 0.0051 (ema 0.0048) 20.8 clip/s
step 4500 VAL 0.0091
step 4520/5000 loss 0.0050 (ema 0.0051) 20.8 clip/s
step 4540/5000 loss 0.0040 (ema 0.0052) 20.8 clip/s
step 4560/5000 loss 0.0059 (ema 0.0053) 20.8 clip/s
step 4580/5000 loss 0.0070 (ema 0.0054) 20.8 clip/s
step 4600/5000 loss 0.0065 (ema 0.0053) 20.8 clip/s
step 4620/5000 loss 0.0031 (ema 0.0053) 20.8 clip/s
step 4640/5000 loss 0.0066 (ema 0.0053) 20.8 clip/s
step 4660/5000 loss 0.0035 (ema 0.0053) 20.8 clip/s
step 4680/5000 loss 0.0065 (ema 0.0052) 20.8 clip/s
step 4700/5000 loss 0.0051 (ema 0.0053) 20.8 clip/s
step 4720/5000 loss 0.0044 (ema 0.0052) 20.8 clip/s
step 4740/5000 loss 0.0067 (ema 0.0052) 20.8 clip/s
step 4750 VAL 0.0086
step 4760/5000 loss 0.0067 (ema 0.0051) 20.8 clip/s
step 4780/5000 loss 0.0066 (ema 0.0051) 20.8 clip/s
step 4800/5000 loss 0.0050 (ema 0.0051) 20.8 clip/s
step 4820/5000 loss 0.0057 (ema 0.0052) 20.8 clip/s
step 4840/5000 loss 0.0043 (ema 0.0052) 20.8 clip/s
step 4860/5000 loss 0.0065 (ema 0.0053) 20.8 clip/s
step 4880/5000 loss 0.0053 (ema 0.0053) 20.8 clip/s
step 4900/5000 loss 0.0046 (ema 0.0052) 20.8 clip/s
step 4920/5000 loss 0.0040 (ema 0.0051) 20.8 clip/s
step 4940/5000 loss 0.0033 (ema 0.0048) 20.8 clip/s
step 4960/5000 loss 0.0052 (ema 0.0047) 20.8 clip/s
step 4980/5000 loss 0.0045 (ema 0.0047) 20.8 clip/s
step 5000/5000 loss 0.0074 (ema 0.0047) 20.8 clip/s
step 5000 VAL 0.0088
done, best val 0.0082 -> pretrain_out/enc_0.20.pth


