/opt/pytorch/lib/python3.13/site-packages/torch/cuda/__init__.py:63: FutureWarning: The pynvml package is deprecated. Please install nvidia-ml-py instead. If you did not install pynvml directly, please report this to the maintainers of the package that installed pynvml for you.
  import pynvml  # type: ignore[import]
WARNING: All log messages before absl::InitializeLog() is called are written to STDERR
I0000 00:00:1785803619.704719   13856 cpu_feature_guard.cc:227] This TensorFlow binary is optimized to use available CPU instructions in performance-critical operations.
To enable the following instructions: AVX2 FMA, in other operations, rebuild TensorFlow with the appropriate compiler flags.
/opt/pytorch/lib/python3.13/site-packages/torch/nn/modules/loss.py:44: UserWarning: size_average and reduce args will be deprecated, please use reduction='mean' instead.
  self.reduction: str = _Reduction.legacy_get_string(size_average, reduce)
seed:0
enc:pretrain_out/enc_0.10.pth: loaded 1144 | missing 0 unexpected 0
cache:18400 samples -> probe_cache/enc_0_10_pth_seed0/train
cache:1077 samples -> probe_cache/enc_0_10_pth_seed0/dev
ep 1/40 ctc 48.306 DEV WER 99.62 (best 99.62) 64s
ep 2/40 ctc 45.427 DEV WER 98.67 (best 98.67) 130s
ep 3/40 ctc 44.933 DEV WER 98.96 (best 98.67) 196s
ep 4/40 ctc 43.461 DEV WER 97.91 (best 97.91) 264s
ep 5/40 ctc 42.172 DEV WER 97.91 (best 97.91) 332s
ep 6/40 ctc 42.174 DEV WER 97.77 (best 97.77) 401s
ep 7/40 ctc 42.439 DEV WER 97.21 (best 97.21) 471s
ep 8/40 ctc 41.615 DEV WER 97.27 (best 97.21) 539s
ep 9/40 ctc 40.804 DEV WER 97.05 (best 97.05) 607s
ep 10/40 ctc 41.746 DEV WER 97.19 (best 97.05) 676s
ep 11/40 ctc 40.574 DEV WER 96.67 (best 96.67) 745s
ep 12/40 ctc 39.415 DEV WER 97.05 (best 96.67) 814s
ep 13/40 ctc 39.596 DEV WER 96.73 (best 96.67) 882s
ep 14/40 ctc 39.346 DEV WER 96.19 (best 96.19) 951s
ep 15/40 ctc 39.786 DEV WER 96.92 (best 96.19) 1019s
ep 16/40 ctc 39.144 DEV WER 95.79 (best 95.79) 1087s
ep 17/40 ctc 38.845 DEV WER 96.19 (best 95.79) 1155s
ep 18/40 ctc 38.148 DEV WER 94.89 (best 94.89) 1225s
ep 19/40 ctc 37.800 DEV WER 95.29 (best 94.89) 1294s
ep 20/40 ctc 38.122 DEV WER 95.45 (best 94.89) 1363s
ep 21/40 ctc 38.542 DEV WER 95.62 (best 94.89) 1431s
ep 22/40 ctc 37.899 DEV WER 96.18 (best 94.89) 1499s
ep 23/40 ctc 38.138 DEV WER 95.66 (best 94.89) 1567s
ep 24/40 ctc 38.128 DEV WER 95.85 (best 94.89) 1635s
ep 25/40 ctc 37.935 DEV WER 94.92 (best 94.89) 1705s
ep 26/40 ctc 37.509 DEV WER 95.02 (best 94.89) 1775s
ep 27/40 ctc 37.335 DEV WER 95.78 (best 94.89) 1843s
ep 28/40 ctc 37.082 DEV WER 95.34 (best 94.89) 1912s
ep 29/40 ctc 37.648 DEV WER 95.01 (best 94.89) 1981s
ep 30/40 ctc 37.443 DEV WER 94.54 (best 94.54) 2050s
ep 31/40 ctc 37.023 DEV WER 94.37 (best 94.37) 2120s
ep 32/40 ctc 37.046 DEV WER 95.34 (best 94.37) 2190s
ep 33/40 ctc 36.693 DEV WER 95.66 (best 94.37) 2259s
ep 34/40 ctc 36.437 DEV WER 94.53 (best 94.37) 2329s
ep 35/40 ctc 37.401 DEV WER 94.79 (best 94.37) 2399s
ep 36/40 ctc 37.178 DEV WER 94.30 (best 94.30) 2470s
ep 37/40 ctc 36.883 DEV WER 94.48 (best 94.30) 2540s
ep 38/40 ctc 37.072 DEV WER 95.09 (best 94.30) 2610s
ep 39/40 ctc 36.947 DEV WER 93.52 (best 93.52) 2680s
ep 40/40 ctc 36.109 DEV WER 94.35 (best 93.52) 2751s

PROBE pretrain_out/enc_0.10.pth seed0: best dev WER 93.52
