\BOOKMARK [1][-]{section.1}{\376\377\000I\000n\000t\000r\000o\000d\000u\000c\000t\000i\000o\000n}{}% 1
\BOOKMARK [2][-]{subsection.1.1}{\376\377\000S\000i\000g\000n\000\040\000L\000a\000n\000g\000u\000a\000g\000e\000\040\000O\000v\000e\000r\000v\000i\000e\000w}{section.1}% 2
\BOOKMARK [2][-]{subsection.1.2}{\376\377\000S\000i\000g\000n\000\040\000L\000a\000n\000g\000u\000a\000g\000e\000\040\000T\000r\000a\000n\000s\000l\000a\000t\000i\000o\000n\000\040\000d\000i\000f\000f\000i\000c\000u\000l\000t\000i\000e\000s}{section.1}% 3
\BOOKMARK [2][-]{subsection.1.3}{\376\377\000K\000e\000y\000p\000o\000i\000n\000t\000\040\000e\000n\000c\000o\000d\000i\000n\000g\000\040\000i\000s\000\040\000w\000e\000l\000l\000\040\000s\000u\000i\000t\000e\000d\000\040\000t\000o\000\040\000S\000L\000T\000\040\000a\000n\000d\000\040\000S\000L\000R}{section.1}% 4
\BOOKMARK [2][-]{subsection.1.4}{\376\377\000B\000e\000n\000e\000f\000i\000t\000s\000\040\000o\000f\000\040\000P\000r\000e\000-\000T\000r\000a\000i\000n\000i\000n\000g}{section.1}% 5
\BOOKMARK [2][-]{subsection.1.5}{\376\377\000K\000e\000y\000\040\000q\000u\000e\000s\000t\000i\000o\000n\000s\000\040\000t\000o\000\040\000a\000n\000s\000w\000e\000r\000\040\000a\000s\000\040\000p\000a\000r\000t\000\040\000o\000f\000\040\000t\000h\000i\000s\000\040\000s\000t\000u\000d\000y}{section.1}% 6
\BOOKMARK [1][-]{section.2}{\376\377\000L\000i\000t\000e\000r\000a\000t\000u\000r\000e\000\040\000R\000e\000v\000i\000e\000w}{}% 7
\BOOKMARK [2][-]{subsection.2.1}{\376\377\000A\000p\000p\000r\000o\000a\000c\000h\000e\000s\000\040\000t\000o\000\040\000S\000L\000R\000\040\000/\000\040\000S\000L\000T}{section.2}% 8
\BOOKMARK [2][-]{subsection.2.2}{\376\377\000P\000o\000s\000e\000\040\000e\000s\000t\000i\000m\000a\000t\000o\000r\000\040\000l\000i\000m\000i\000t\000a\000t\000i\000o\000n\000s}{section.2}% 9
\BOOKMARK [2][-]{subsection.2.3}{\376\377\000S\000e\000l\000f\000-\000S\000u\000p\000e\000r\000v\000i\000s\000e\000d\000\040\000L\000e\000a\000r\000n\000i\000n\000g\000\040\000a\000n\000d\000\040\000p\000r\000e\000-\000t\000r\000a\000i\000n\000i\000n\000g}{section.2}% 10
\BOOKMARK [2][-]{subsection.2.4}{\376\377\000M\000a\000s\000k\000i\000n\000g\000\040\000s\000t\000r\000a\000t\000e\000g\000i\000e\000s}{section.2}% 11
\BOOKMARK [2][-]{subsection.2.5}{\376\377\000E\000v\000a\000l\000u\000a\000t\000i\000o\000n\000\040\000M\000e\000t\000h\000o\000d\000s\000\040\000a\000n\000d\000\040\000R\000o\000b\000u\000s\000t\000n\000e\000s\000s}{section.2}% 12
\BOOKMARK [1][-]{section.3}{\376\377\000M\000e\000t\000h\000o\000d}{}% 13
\BOOKMARK [2][-]{subsection.3.1}{\376\377\000D\000a\000t\000a\000\040\000p\000i\000p\000e\000l\000i\000n\000e}{section.3}% 14
\BOOKMARK [3][-]{subsubsection.3.1.1}{\376\377\000K\000e\000y\000p\000o\000i\000n\000t\000\040\000d\000a\000t\000a\000s\000e\000t\000s}{subsection.3.1}% 15
\BOOKMARK [3][-]{subsubsection.3.1.2}{\376\377\000C\000S\000L\000-\000N\000e\000w\000s}{subsection.3.1}% 16
\BOOKMARK [2][-]{subsection.3.2}{\376\377\000E\000n\000s\000u\000r\000i\000n\000g\000\040\000t\000h\000e\000\040\000e\000x\000p\000e\000r\000i\000m\000e\000n\000t\000\040\000i\000s\000\040\000c\000o\000m\000p\000a\000r\000a\000b\000l\000e\000\040\000a\000n\000d\000\040\000m\000e\000a\000n\000i\000n\000g\000f\000u\000l}{section.3}% 17
\BOOKMARK [2][-]{subsection.3.3}{\376\377\000P\000r\000e\000-\000t\000r\000a\000i\000n\000i\000n\000g\000\040\000a\000n\000d\000\040\000M\000a\000s\000k\000i\000n\000g\000\040\000t\000e\000c\000h\000n\000i\000q\000u\000e\000s}{section.3}% 18
\BOOKMARK [2][-]{subsection.3.4}{\376\377\000E\000n\000c\000o\000d\000e\000r\000\040\000a\000n\000d\000\040\000L\000i\000n\000e\000a\000r\000\040\000P\000r\000o\000b\000e}{section.3}% 19
\BOOKMARK [2][-]{subsection.3.5}{\376\377\000R\000o\000b\000u\000s\000t\000n\000e\000s\000s}{section.3}% 20
\BOOKMARK [2][-]{subsection.3.6}{\376\377\000I\000n\000f\000r\000a\000s\000t\000r\000u\000c\000t\000u\000r\000e\000\040\000a\000n\000d\000\040\000A\000r\000c\000h\000i\000t\000e\000c\000t\000u\000r\000e}{section.3}% 21
\BOOKMARK [2][-]{subsection.3.7}{\376\377\000H\000o\000w\000\040\000t\000h\000e\000\040\000p\000r\000o\000j\000e\000c\000t\000\040\000w\000a\000s\000\040\000d\000e\000s\000i\000g\000n\000e\000d\000\040\000t\000o\000\040\000f\000i\000t\000\040\000b\000u\000d\000g\000e\000t\000\040\000l\000i\000m\000i\000t\000a\000t\000i\000o\000n\000s}{section.3}% 22
\BOOKMARK [2][-]{subsection.3.8}{\376\377\000E\000x\000e\000c\000u\000t\000i\000o\000n\000\040\000o\000f\000\040\000E\000x\000p\000e\000r\000i\000m\000e\000n\000t}{section.3}% 23
\BOOKMARK [1][-]{section.4}{\376\377\000A\000n\000a\000l\000y\000s\000i\000s}{}% 24
\BOOKMARK [2][-]{subsection.4.1}{\376\377\000P\000r\000o\000b\000e\000\040\000a\000n\000d\000\040\000F\000i\000n\000e\000\040\000T\000u\000n\000e\000\040\000R\000e\000s\000u\000l\000t\000s}{section.4}% 25
\BOOKMARK [2][-]{subsection.4.2}{\376\377\000P\000r\000e\000d\000i\000c\000t\000i\000o\000n\000\040\000a\000n\000a\000l\000y\000s\000i\000s}{section.4}% 26
\BOOKMARK [2][-]{subsection.4.3}{\376\377\000R\000o\000b\000u\000s\000t\000n\000e\000s\000s}{section.4}% 27
\BOOKMARK [2][-]{subsection.4.4}{\376\377\000O\000b\000j\000e\000c\000t\000i\000v\000e\000\040\000A\000l\000i\000g\000n\000m\000e\000n\000t}{section.4}% 28
\BOOKMARK [1][-]{section.5}{\376\377\000C\000o\000n\000c\000l\000u\000s\000i\000o\000n}{}% 29
\BOOKMARK [2][-]{subsection.5.1}{\376\377\000C\000o\000n\000t\000r\000i\000b\000u\000t\000i\000o\000n\000s\000\040\000a\000n\000d\000\040\000p\000r\000o\000j\000e\000c\000t\000\040\000a\000i\000m\000s}{section.5}% 30
\BOOKMARK [2][-]{subsection.5.2}{\376\377\000L\000i\000m\000i\000t\000a\000t\000i\000o\000n\000s}{section.5}% 31
\BOOKMARK [2][-]{subsection.5.3}{\376\377\000F\000u\000t\000u\000r\000e\000\040\000P\000l\000a\000n\000s}{section.5}% 32
\BOOKMARK [1][-]{appendix.A}{\376\377\000A\000c\000c\000e\000s\000s\000\040\000t\000o\000\040\000c\000o\000d\000e}{}% 33
