This is pdfTeX, Version 3.141592653-2.6-1.40.27 (TeX Live 2025) (preloaded format=pdflatex 2025.12.6)  11 SEP 2026 08:19
entering extended mode
 restricted \write18 enabled.
 file:line:error style messages enabled.
 %&-line parsing enabled.
**main.tex
(./main.tex
LaTeX2e <2024-11-01> patch level 2
L3 programming layer <2025-01-18>
(/usr/local/texlive/2025/texmf-dist/tex/latex/base/article.cls
Document Class: article 2024/06/29 v1.4n Standard LaTeX document class
(/usr/local/texlive/2025/texmf-dist/tex/latex/base/size10.clo
File: size10.clo 2024/06/29 v1.4n Standard LaTeX file (size option)
)
\c@part=\count196
\c@section=\count197
\c@subsection=\count198
\c@subsubsection=\count199
\c@paragraph=\count266
\c@subparagraph=\count267
\c@figure=\count268
\c@table=\count269
\abovecaptionskip=\skip49
\belowcaptionskip=\skip50
\bibindent=\dimen141
)
(/usr/local/texlive/2025/texmf-dist/tex/latex/graphics/graphicx.sty
Package: graphicx 2021/09/16 v1.2d Enhanced LaTeX Graphics (DPC,SPQR)

(/usr/local/texlive/2025/texmf-dist/tex/latex/graphics/keyval.sty
Package: keyval 2022/05/29 v1.15 key=value parser (DPC)
\KV@toks@=\toks17
)
(/usr/local/texlive/2025/texmf-dist/tex/latex/graphics/graphics.sty
Package: graphics 2024/08/06 v1.4g Standard LaTeX Graphics (DPC,SPQR)

(/usr/local/texlive/2025/texmf-dist/tex/latex/graphics/trig.sty
Package: trig 2023/12/02 v1.11 sin cos tan (DPC)
)
(/usr/local/texlive/2025/texmf-dist/tex/latex/graphics-cfg/graphics.cfg
File: graphics.cfg 2016/06/04 v1.11 sample graphics configuration
)
Package graphics Info: Driver file: pdftex.def on input line 106.

(/usr/local/texlive/2025/texmf-dist/tex/latex/graphics-def/pdftex.def
File: pdftex.def 2024/04/13 v1.2c Graphics/color driver for pdftex
))
\Gin@req@height=\dimen142
\Gin@req@width=\dimen143
)
(/usr/local/texlive/2025/texmf-dist/tex/latex/appendix/appendix.sty
Package: appendix 2020/02/08 v1.2c extra appendix facilities
\c@@pps=\count270
\c@@ppsavesec=\count271
\c@@ppsaveapp=\count272
)
(/usr/local/texlive/2025/texmf-dist/tex/latex/url/url.sty
\Urlmuskip=\muskip17
Package: url 2013/09/16  ver 3.4  Verb mode for urls, etc.
)
(/usr/local/texlive/2025/texmf-dist/tex/latex/geometry/geometry.sty
Package: geometry 2020/01/02 v5.9 Page Geometry

(/usr/local/texlive/2025/texmf-dist/tex/generic/iftex/ifvtex.sty
Package: ifvtex 2019/10/25 v1.7 ifvtex legacy package. Use iftex instead.

(/usr/local/texlive/2025/texmf-dist/tex/generic/iftex/iftex.sty
Package: iftex 2024/12/12 v1.0g TeX engine tests
))
\Gm@cnth=\count273
\Gm@cntv=\count274
\c@Gm@tempcnt=\count275
\Gm@bindingoffset=\dimen144
\Gm@wd@mp=\dimen145
\Gm@odd@mp=\dimen146
\Gm@even@mp=\dimen147
\Gm@layoutwidth=\dimen148
\Gm@layoutheight=\dimen149
\Gm@layouthoffset=\dimen150
\Gm@layoutvoffset=\dimen151
\Gm@dimlist=\toks18
)
(/usr/local/texlive/2025/texmf-dist/tex/latex/caption/subcaption.sty
Package: subcaption 2023/07/28 v1.6b Sub-captions (AR)

(/usr/local/texlive/2025/texmf-dist/tex/latex/caption/caption.sty
Package: caption 2023/08/05 v3.6o Customizing captions (AR)

(/usr/local/texlive/2025/texmf-dist/tex/latex/caption/caption3.sty
Package: caption3 2023/07/31 v2.4d caption3 kernel (AR)
\caption@tempdima=\dimen152
\captionmargin=\dimen153
\caption@leftmargin=\dimen154
\caption@rightmargin=\dimen155
\caption@width=\dimen156
\caption@indent=\dimen157
\caption@parindent=\dimen158
\caption@hangindent=\dimen159
Package caption Info: Standard document class detected.
)
\c@caption@flags=\count276
\c@continuedfloat=\count277
)
Package caption Info: New subtype `subfigure' on input line 238.
\c@subfigure=\count278
Package caption Info: New subtype `subtable' on input line 238.
\c@subtable=\count279
)
(/usr/local/texlive/2025/texmf-dist/tex/latex/hyperref/hyperref.sty
Package: hyperref 2024-11-05 v7.01l Hypertext links for LaTeX

(/usr/local/texlive/2025/texmf-dist/tex/latex/kvsetkeys/kvsetkeys.sty
Package: kvsetkeys 2022-10-05 v1.19 Key value parser (HO)
)
(/usr/local/texlive/2025/texmf-dist/tex/generic/kvdefinekeys/kvdefinekeys.sty
Package: kvdefinekeys 2019-12-19 v1.6 Define keys (HO)
)
(/usr/local/texlive/2025/texmf-dist/tex/generic/pdfescape/pdfescape.sty
Package: pdfescape 2019/12/09 v1.15 Implements pdfTeX's escape features (HO)

(/usr/local/texlive/2025/texmf-dist/tex/generic/ltxcmds/ltxcmds.sty
Package: ltxcmds 2023-12-04 v1.26 LaTeX kernel commands for general use (HO)
)
(/usr/local/texlive/2025/texmf-dist/tex/generic/pdftexcmds/pdftexcmds.sty
Package: pdftexcmds 2020-06-27 v0.33 Utility functions of pdfTeX for LuaTeX (HO
)

(/usr/local/texlive/2025/texmf-dist/tex/generic/infwarerr/infwarerr.sty
Package: infwarerr 2019/12/03 v1.5 Providing info/warning/error messages (HO)
)
Package pdftexcmds Info: \pdf@primitive is available.
Package pdftexcmds Info: \pdf@ifprimitive is available.
Package pdftexcmds Info: \pdfdraftmode found.
))
(/usr/local/texlive/2025/texmf-dist/tex/latex/hycolor/hycolor.sty
Package: hycolor 2020-01-27 v1.10 Color options for hyperref/bookmark (HO)
)
(/usr/local/texlive/2025/texmf-dist/tex/latex/hyperref/nameref.sty
Package: nameref 2023-11-26 v2.56 Cross-referencing by name of section

(/usr/local/texlive/2025/texmf-dist/tex/latex/refcount/refcount.sty
Package: refcount 2019/12/15 v3.6 Data extraction from label references (HO)
)
(/usr/local/texlive/2025/texmf-dist/tex/generic/gettitlestring/gettitlestring.s
ty
Package: gettitlestring 2019/12/15 v1.6 Cleanup title references (HO)
 (/usr/local/texlive/2025/texmf-dist/tex/latex/kvoptions/kvoptions.sty
Package: kvoptions 2022-06-15 v3.15 Key value format for package options (HO)
))
\c@section@level=\count280
)
(/usr/local/texlive/2025/texmf-dist/tex/latex/etoolbox/etoolbox.sty
Package: etoolbox 2025/02/11 v2.5l e-TeX tools for LaTeX (JAW)
\etb@tempcnta=\count281
)
(/usr/local/texlive/2025/texmf-dist/tex/generic/stringenc/stringenc.sty
Package: stringenc 2019/11/29 v1.12 Convert strings between diff. encodings (HO
)
)
\@linkdim=\dimen160
\Hy@linkcounter=\count282
\Hy@pagecounter=\count283

(/usr/local/texlive/2025/texmf-dist/tex/latex/hyperref/pd1enc.def
File: pd1enc.def 2024-11-05 v7.01l Hyperref: PDFDocEncoding definition (HO)
Now handling font encoding PD1 ...
... no UTF-8 mapping file for font encoding PD1
)
(/usr/local/texlive/2025/texmf-dist/tex/generic/intcalc/intcalc.sty
Package: intcalc 2019/12/15 v1.3 Expandable calculations with integers (HO)
)
\Hy@SavedSpaceFactor=\count284

(/usr/local/texlive/2025/texmf-dist/tex/latex/hyperref/puenc.def
File: puenc.def 2024-11-05 v7.01l Hyperref: PDF Unicode definition (HO)
Now handling font encoding PU ...
... no UTF-8 mapping file for font encoding PU
)
Package hyperref Info: Hyper figures OFF on input line 4157.
Package hyperref Info: Link nesting OFF on input line 4162.
Package hyperref Info: Hyper index ON on input line 4165.
Package hyperref Info: Plain pages OFF on input line 4172.
Package hyperref Info: Backreferencing OFF on input line 4177.
Package hyperref Info: Implicit mode ON; LaTeX internals redefined.
Package hyperref Info: Bookmarks ON on input line 4424.
\c@Hy@tempcnt=\count285
LaTeX Info: Redefining \url on input line 4763.
\XeTeXLinkMargin=\dimen161

(/usr/local/texlive/2025/texmf-dist/tex/generic/bitset/bitset.sty
Package: bitset 2019/12/09 v1.3 Handle bit-vector datatype (HO)

(/usr/local/texlive/2025/texmf-dist/tex/generic/bigintcalc/bigintcalc.sty
Package: bigintcalc 2019/12/15 v1.5 Expandable calculations on big integers (HO
)
))
\Fld@menulength=\count286
\Field@Width=\dimen162
\Fld@charsize=\dimen163
Package hyperref Info: Hyper figures OFF on input line 6042.
Package hyperref Info: Link nesting OFF on input line 6047.
Package hyperref Info: Hyper index ON on input line 6050.
Package hyperref Info: backreferencing OFF on input line 6057.
Package hyperref Info: Link coloring OFF on input line 6062.
Package hyperref Info: Link coloring with OCG OFF on input line 6067.
Package hyperref Info: PDF/A mode OFF on input line 6072.

(/usr/local/texlive/2025/texmf-dist/tex/latex/base/atbegshi-ltx.sty
Package: atbegshi-ltx 2021/01/10 v1.0c Emulation of the original atbegshi
package with kernel methods
)
\Hy@abspage=\count287
\c@Item=\count288
\c@Hfootnote=\count289
)
Package hyperref Info: Driver (autodetected): hpdftex.

(/usr/local/texlive/2025/texmf-dist/tex/latex/hyperref/hpdftex.def
File: hpdftex.def 2024-11-05 v7.01l Hyperref driver for pdfTeX

(/usr/local/texlive/2025/texmf-dist/tex/latex/base/atveryend-ltx.sty
Package: atveryend-ltx 2020/08/19 v1.0a Emulation of the original atveryend pac
kage
with kernel methods
)
\Fld@listcount=\count290
\c@bookmark@seq@number=\count291

(/usr/local/texlive/2025/texmf-dist/tex/latex/rerunfilecheck/rerunfilecheck.sty
Package: rerunfilecheck 2022-07-10 v1.10 Rerun checks for auxiliary files (HO)

(/usr/local/texlive/2025/texmf-dist/tex/generic/uniquecounter/uniquecounter.sty
Package: uniquecounter 2019/12/15 v1.4 Provide unlimited unique counter (HO)
)
Package uniquecounter Info: New unique counter `rerunfilecheck' on input line 2
85.
)
\Hy@SectionHShift=\skip51
)
(/usr/local/texlive/2025/texmf-dist/tex/latex/l3backend/l3backend-pdftex.def
File: l3backend-pdftex.def 2024-05-08 L3 backend support: PDF output (pdfTeX)
\l__color_backend_stack_int=\count292
\l__pdf_internal_box=\box52
)
(./main.aux)
\openout1 = `main.aux'.

LaTeX Font Info:    Checking defaults for OML/cmm/m/it on input line 14.
LaTeX Font Info:    ... okay on input line 14.
LaTeX Font Info:    Checking defaults for OMS/cmsy/m/n on input line 14.
LaTeX Font Info:    ... okay on input line 14.
LaTeX Font Info:    Checking defaults for OT1/cmr/m/n on input line 14.
LaTeX Font Info:    ... okay on input line 14.
LaTeX Font Info:    Checking defaults for T1/cmr/m/n on input line 14.
LaTeX Font Info:    ... okay on input line 14.
LaTeX Font Info:    Checking defaults for TS1/cmr/m/n on input line 14.
LaTeX Font Info:    ... okay on input line 14.
LaTeX Font Info:    Checking defaults for OMX/cmex/m/n on input line 14.
LaTeX Font Info:    ... okay on input line 14.
LaTeX Font Info:    Checking defaults for U/cmr/m/n on input line 14.
LaTeX Font Info:    ... okay on input line 14.
LaTeX Font Info:    Checking defaults for PD1/pdf/m/n on input line 14.
LaTeX Font Info:    ... okay on input line 14.
LaTeX Font Info:    Checking defaults for PU/pdf/m/n on input line 14.
LaTeX Font Info:    ... okay on input line 14.

(/usr/local/texlive/2025/texmf-dist/tex/context/base/mkii/supp-pdf.mkii
[Loading MPS to PDF converter (version 2006.09.02).]
\scratchcounter=\count293
\scratchdimen=\dimen164
\scratchbox=\box53
\nofMPsegments=\count294
\nofMParguments=\count295
\everyMPshowfont=\toks19
\MPscratchCnt=\count296
\MPscratchDim=\dimen165
\MPnumerator=\count297
\makeMPintoPDFobject=\count298
\everyMPtoPDFconversion=\toks20
) (/usr/local/texlive/2025/texmf-dist/tex/latex/epstopdf-pkg/epstopdf-base.sty
Package: epstopdf-base 2020-01-24 v2.11 Base part for package epstopdf
Package epstopdf-base Info: Redefining graphics rule for `.eps' on input line 4
85.

(/usr/local/texlive/2025/texmf-dist/tex/latex/latexconfig/epstopdf-sys.cfg
File: epstopdf-sys.cfg 2010/07/13 v1.3 Configuration of (r)epstopdf for TeX Liv
e
))
*geometry* driver: auto-detecting
*geometry* detected driver: pdftex
*geometry* verbose mode - [ preamble ] result:
* driver: pdftex
* paper: <default>
* layout: <same size as paper>
* layoutoffset:(h,v)=(0.0pt,0.0pt)
* modes: 
* h-part:(L,W,R)=(93.89418pt, 426.50664pt, 93.89418pt)
* v-part:(T,H,B)=(93.89418pt, 607.18163pt, 93.89418pt)
* \paperwidth=614.295pt
* \paperheight=794.96999pt
* \textwidth=426.50664pt
* \textheight=607.18163pt
* \oddsidemargin=21.62419pt
* \evensidemargin=21.62419pt
* \topmargin=-15.37581pt
* \headheight=12.0pt
* \headsep=25.0pt
* \topskip=10.0pt
* \footskip=30.0pt
* \marginparwidth=65.0pt
* \marginparsep=11.0pt
* \columnsep=10.0pt
* \skip\footins=9.0pt plus 4.0pt minus 2.0pt
* \hoffset=0.0pt
* \voffset=0.0pt
* \mag=1000
* \@twocolumnfalse
* \@twosidefalse
* \@mparswitchfalse
* \@reversemarginfalse
* (1in=72.27pt=25.4mm, 1cm=28.453pt)

Package caption Info: Begin \AtBeginDocument code.
Package caption Info: hyperref package is loaded.
Package caption Info: End \AtBeginDocument code.
Package hyperref Info: Link coloring OFF on input line 14.
(./main.out) (./main.out)
\@outlinefile=\write3
\openout3 = `main.out'.

LaTeX Font Info:    External font `cmex10' loaded for size
(Font)              <12> on input line 16.
LaTeX Font Info:    External font `cmex10' loaded for size
(Font)              <8> on input line 16.
LaTeX Font Info:    External font `cmex10' loaded for size
(Font)              <6> on input line 16.


[1

{/usr/local/texlive/2025/texmf-var/fonts/map/pdftex/updmap/pdftex.map}]
(./main.toc
LaTeX Font Info:    External font `cmex10' loaded for size
(Font)              <7> on input line 2.
LaTeX Font Info:    External font `cmex10' loaded for size
(Font)              <5> on input line 2.
)
\tf@toc=\write4
\openout4 = `main.toc'.



[2]

LaTeX Warning: Citation `el-alfy_comprehensive_2022' on page 3 undefined on inp
ut line 40.


LaTeX Warning: Citation `camgoz_neural_2018' on page 3 undefined on input line 
40.


LaTeX Warning: Citation `vedaldi_bsl-1k_2020' on page 3 undefined on input line
 40.


LaTeX Warning: Citation `bragg_sign_2019' on page 3 undefined on input line 40.



LaTeX Warning: Citation `zhou_gloss-free_2023' on page 3 undefined on input lin
e 43.


LaTeX Warning: Citation `el-alfy_comprehensive_2022' on page 3 undefined on inp
ut line 43.


LaTeX Warning: Citation `guan_multi-stream_2024' on page 3 undefined on input l
ine 48.


LaTeX Warning: Citation `min_closer_2025' on page 3 undefined on input line 48.



LaTeX Warning: Citation `el-alfy_comprehensive_2022' on page 3 undefined on inp
ut line 48.



[3]
<HRNet_confidence.png, id=193, 643.203pt x 317.0244pt>
File: HRNet_confidence.png Graphic file (type png)
<use HRNet_confidence.png>
Package pdftex.def Info: HRNet_confidence.png  used on input line 51.
(pdftex.def)             Requested size: 392.38531pt x 193.40395pt.


LaTeX Warning: Citation `vincent_extracting_2008' on page 4 undefined on input 
line 58.


LaTeX Warning: Citation `vincent_extracting_2008' on page 4 undefined on input 
line 58.



[4 <./HRNet_confidence.png>]

[5{/usr/local/texlive/2025/texmf-dist/fonts/enc/dvips/cm-super/cm-super-ts1.enc
}]

LaTeX Warning: Citation `vaswani_attention_2023' on page 6 undefined on input l
ine 72.


LaTeX Warning: Citation `camgoz_sign_2020' on page 6 undefined on input line 72
.


LaTeX Warning: Citation `chen_two-stream_2023' on page 6 undefined on input lin
e 72.


LaTeX Warning: Citation `yin_better_2020' on page 6 undefined on input line 72.



LaTeX Warning: Citation `lin_gloss-free_2023' on page 6 undefined on input line
 72.


LaTeX Warning: Citation `li_uni-sign_2025' on page 6 undefined on input line 72
.


LaTeX Warning: Citation `guan_multi-stream_2024' on page 6 undefined on input l
ine 74.


LaTeX Warning: Citation `hu_signbert_2023' on page 6 undefined on input line 74
.


LaTeX Warning: Citation `gueuwou_shubert_2025' on page 6 undefined on input lin
e 74.


LaTeX Warning: Citation `jiang_rtmpose_2023' on page 6 undefined on input line 
74.


LaTeX Warning: Citation `yan_spatial_2018' on page 6 undefined on input line 74
.


LaTeX Warning: Citation `shi_decoupled_2020' on page 6 undefined on input line 
74.


LaTeX Warning: Citation `wang_deep_2020' on page 6 undefined on input line 74.


LaTeX Warning: Citation `shi_decoupled_2020' on page 6 undefined on input line 
74.

<S000108_P0008_T00_body_27.png, id=206, 509.5035pt x 483.0045pt>
File: S000108_P0008_T00_body_27.png Graphic file (type png)
<use S000108_P0008_T00_body_27.png>
Package pdftex.def Info: S000108_P0008_T00_body_27.png  used on input line 81.
(pdftex.def)             Requested size: 204.72136pt x 194.06804pt.
<S000108_P0008_T00_body_30.png, id=207, 509.5035pt x 483.0045pt>
File: S000108_P0008_T00_body_30.png Graphic file (type png)
<use S000108_P0008_T00_body_30.png>
Package pdftex.def Info: S000108_P0008_T00_body_30.png  used on input line 86.
(pdftex.def)             Requested size: 204.72136pt x 194.06804pt.

LaTeX Warning: Citation `zhou_improving_2021' on page 6 undefined on input line
 94.



[6 <./S000108_P0008_T00_body_27.png> <./S000108_P0008_T00_body_30.png>]

LaTeX Warning: Citation `moryossef_evaluating_2021' on page 7 undefined on inpu
t line 96.


LaTeX Warning: Citation `romero_embodied_2017' on page 7 undefined on input lin
e 96.


LaTeX Warning: Citation `hu_signbert_2023' on page 7 undefined on input line 96
.


LaTeX Warning: Citation `gueuwou_shubert_2025' on page 7 undefined on input lin
e 96.


LaTeX Warning: Citation `gueuwou_shubert_2025' on page 7 undefined on input lin
e 96.

<S000108_P0008_T00_conf_27.png, id=216, 536.9661pt x 446.8695pt>
File: S000108_P0008_T00_conf_27.png Graphic file (type png)
<use S000108_P0008_T00_conf_27.png>
Package pdftex.def Info: S000108_P0008_T00_conf_27.png  used on input line 103.

(pdftex.def)             Requested size: 204.72136pt x 170.3713pt.
<S000108_P0008_T00_conf_30.png, id=217, 536.9661pt x 446.8695pt>
File: S000108_P0008_T00_conf_30.png Graphic file (type png)
<use S000108_P0008_T00_conf_30.png>
Package pdftex.def Info: S000108_P0008_T00_conf_30.png  used on input line 108.

(pdftex.def)             Requested size: 204.72136pt x 170.3713pt.

LaTeX Warning: Citation `hu_signbert_2023' on page 7 undefined on input line 11
5.


LaTeX Warning: Citation `liu_self-supervised_2021' on page 7 undefined on input
 line 115.


LaTeX Warning: Citation `vincent_extracting_2008' on page 7 undefined on input 
line 115.


LaTeX Warning: Citation `devlin_bert_2019' on page 7 undefined on input line 11
5.


LaTeX Warning: Citation `hsu_hubert_2021' on page 7 undefined on input line 115
.



[7 <./S000108_P0008_T00_conf_27.png> <./S000108_P0008_T00_conf_30.png>]

LaTeX Warning: Citation `hsu_hubert_2021' on page 8 undefined on input line 117
.


LaTeX Warning: Citation `hsu_hubert_2021' on page 8 undefined on input line 117
.


LaTeX Warning: Citation `hu_corrnet_2024' on page 8 undefined on input line 117
.


LaTeX Warning: Citation `shi_decoupled_2020' on page 8 undefined on input line 
117.


LaTeX Warning: Citation `romero_embodied_2017' on page 8 undefined on input lin
e 119.


LaTeX Warning: Citation `hu_signbert_2023' on page 8 undefined on input line 11
9.


LaTeX Warning: Citation `hu_signbert_2023' on page 8 undefined on input line 11
9.


LaTeX Warning: Citation `mmpose2020' on page 8 undefined on input line 121.


LaTeX Warning: Citation `gueuwou_shubert_2025' on page 8 undefined on input lin
e 121.


LaTeX Warning: Citation `moryossef_evaluating_2021' on page 8 undefined on inpu
t line 121.


LaTeX Warning: Citation `hu_signbert_2023' on page 8 undefined on input line 12
1.


LaTeX Warning: Citation `kim_signbleu_2024' on page 8 undefined on input line 1
21.


LaTeX Warning: Citation `el-alfy_comprehensive_2022' on page 8 undefined on inp
ut line 121.


LaTeX Warning: Citation `li_uni-sign_2025' on page 8 undefined on input line 12
3.


LaTeX Warning: Citation `li_uni-sign_2025' on page 8 undefined on input line 12
3.


LaTeX Warning: Citation `gueuwou_shubert_2025' on page 8 undefined on input lin
e 123.


LaTeX Warning: Citation `vincent_extracting_2008' on page 8 undefined on input 
line 125.


LaTeX Warning: Citation `vincent_extracting_2008' on page 8 undefined on input 
line 125.



[8]

LaTeX Warning: Citation `alain_understanding_2018' on page 9 undefined on input
 line 127.


LaTeX Warning: Citation `hewitt_designing_2019' on page 9 undefined on input li
ne 127.


LaTeX Warning: Citation `hsu_hubert_2021' on page 9 undefined on input line 130
.


LaTeX Warning: Citation `baevski_wav2vec_2020' on page 9 undefined on input lin
e 130.


LaTeX Warning: Citation `vincent_extracting_2008' on page 9 undefined on input 
line 130.


LaTeX Warning: Citation `moryossef_evaluating_2021' on page 9 undefined on inpu
t line 130.


LaTeX Warning: Citation `hu_signbert_2023' on page 9 undefined on input line 13
0.


LaTeX Warning: Citation `jiang_rtmpose_2023' on page 9 undefined on input line 
130.


LaTeX Warning: Citation `camgoz_neural_2018' on page 9 undefined on input line 
133.


LaTeX Warning: Citation `uthus_youtube-asl_2023' on page 9 undefined on input l
ine 133.


LaTeX Warning: Citation `tanzer_reconsidering_2024' on page 9 undefined on inpu
t line 133.


LaTeX Warning: Citation `muller_considerations_2022' on page 9 undefined on inp
ut line 133.


LaTeX Warning: Citation `yazdani_critical_2025' on page 9 undefined on input li
ne 133.


LaTeX Warning: Citation `tanzer_reconsidering_2024' on page 9 undefined on inpu
t line 133.



[9]

LaTeX Warning: Citation `jang_signing_2022' on page 10 undefined on input line 
136.

<imagenet-c.png, id=239, 1354.05875pt x 942.52126pt>
File: imagenet-c.png Graphic file (type png)
<use imagenet-c.png>
Package pdftex.def Info: imagenet-c.png  used on input line 140.
(pdftex.def)             Requested size: 383.85336pt x 267.18318pt.

LaTeX Warning: Citation `hendrycks_benchmarking_2019' on page 10 undefined on i
nput line 141.


LaTeX Warning: Citation `hendrycks_benchmarking_2019' on page 10 undefined on i
nput line 141.


LaTeX Warning: Citation `hendrycks_benchmarking_2019' on page 10 undefined on i
nput line 145.


LaTeX Warning: Citation `deng_imagenet_2009' on page 10 undefined on input line
 145.


LaTeX Warning: Citation `schiappa_large-scale_2023' on page 10 undefined on inp
ut line 145.



[10 <./imagenet-c.png>]

[11]

LaTeX Warning: Citation `vedaldi_bsl-1k_2020' on page 12 undefined on input lin
e 154.

<CSL_confidence.png, id=252, 643.203pt x 317.0244pt>
File: CSL_confidence.png Graphic file (type png)
<use CSL_confidence.png>
Package pdftex.def Info: CSL_confidence.png  used on input line 164.
(pdftex.def)             Requested size: 426.50664pt x 210.21873pt.


[12]

LaTeX Warning: Reference `hrnnet_rtmpose' on page 13 undefined on input line 17
4.



[13 <./CSL_confidence.png>]
<predicted_wrist_path_1288.jpg, id=274, 1939.245pt x 1473.505pt>
File: predicted_wrist_path_1288.jpg Graphic file (type jpg)
<use predicted_wrist_path_1288.jpg>
Package pdftex.def Info: predicted_wrist_path_1288.jpg  used on input line 184.

(pdftex.def)             Requested size: 204.72136pt x 155.54324pt.
<predicted_wrist_path_3546.jpg, id=275, 1939.245pt x 1473.505pt>
File: predicted_wrist_path_3546.jpg Graphic file (type jpg)
<use predicted_wrist_path_3546.jpg>
Package pdftex.def Info: predicted_wrist_path_3546.jpg  used on input line 190.

(pdftex.def)             Requested size: 204.72136pt x 155.54324pt.
<pose_distance.png, id=276, 505.89pt x 361.35pt>
File: pose_distance.png Graphic file (type png)
<use pose_distance.png>
Package pdftex.def Info: pose_distance.png  used on input line 218.
(pdftex.def)             Requested size: 383.85336pt x 274.18776pt.


[14 <./predicted_wrist_path_1288.jpg> <./predicted_wrist_path_3546.jpg>]

[15 <./pose_distance.png>]

LaTeX Warning: Citation `shi_decoupled_2020' on page 16 undefined on input line
 242.


LaTeX Warning: Citation `guan_multi-stream_2024' on page 16 undefined on input 
line 242.


LaTeX Warning: Citation `moryossef_evaluating_2021' on page 16 undefined on inp
ut line 242.


LaTeX Warning: Citation `shi_decoupled_2020' on page 16 undefined on input line
 255.


LaTeX Warning: Citation `alain_understanding_2018' on page 16 undefined on inpu
t line 257.



[16]

[17]

LaTeX Warning: Citation `uthus_youtube-asl_2023' on page 18 undefined on input 
line 272.



[18]

[19]
Overfull \hbox (37.24406pt too wide) in paragraph at lines 357--371
 [][] 
 []

<robustness.png, id=331, 722.7pt x 578.16pt>
File: robustness.png Graphic file (type png)
<use robustness.png>
Package pdftex.def Info: robustness.png  used on input line 457.
(pdftex.def)             Requested size: 426.50664pt x 341.20848pt.


[20]

[21]

[22 <./robustness.png>]

[23]

LaTeX Warning: Citation `shi_decoupled_2020' on page 24 undefined on input line
 483.


LaTeX Warning: Citation `hsu_hubert_2021' on page 24 undefined on input line 48
3.


LaTeX Warning: Citation `liu_self-supervised_2021' on page 24 undefined on inpu
t line 483.



[24] (./main.bbl)

[25]

[26] (./main.aux)
 ***********
LaTeX2e <2024-11-01> patch level 2
L3 programming layer <2025-01-18>
 ***********


LaTeX Warning: There were undefined references.

Package rerunfilecheck Info: File `main.out' has not changed.
(rerunfilecheck)             Checksum: 1082F6BFF23803B23C143D6D15CECA56;5962.
 ) 
Here is how much of TeX's memory you used:
 10723 strings out of 473190
 173245 string characters out of 5715800
 607924 words of memory out of 5000000
 33792 multiletter control sequences out of 15000+600000
 564716 words of font info for 56 fonts, out of 8000000 for 9000
 1141 hyphenation exceptions out of 8191
 75i,8n,79p,2134b,461s stack positions out of 10000i,1000n,20000p,200000b,200000s
</usr/local/texlive/2025/texmf-dist/fonts/type1/public/amsfonts/cm/cmbx10.pfb
></usr/local/texlive/2025/texmf-dist/fonts/type1/public/amsfonts/cm/cmbx12.pfb>
</usr/local/texlive/2025/texmf-dist/fonts/type1/public/amsfonts/cm/cmbx9.pfb></
usr/local/texlive/2025/texmf-dist/fonts/type1/public/amsfonts/cm/cmmi10.pfb></u
sr/local/texlive/2025/texmf-dist/fonts/type1/public/amsfonts/cm/cmr10.pfb></usr
/local/texlive/2025/texmf-dist/fonts/type1/public/amsfonts/cm/cmr12.pfb></usr/l
ocal/texlive/2025/texmf-dist/fonts/type1/public/amsfonts/cm/cmr17.pfb></usr/loc
al/texlive/2025/texmf-dist/fonts/type1/public/amsfonts/cm/cmr6.pfb></usr/local/
texlive/2025/texmf-dist/fonts/type1/public/amsfonts/cm/cmr7.pfb></usr/local/tex
live/2025/texmf-dist/fonts/type1/public/amsfonts/cm/cmr8.pfb></usr/local/texliv
e/2025/texmf-dist/fonts/type1/public/amsfonts/cm/cmr9.pfb></usr/local/texlive/2
025/texmf-dist/fonts/type1/public/amsfonts/cm/cmsy10.pfb></usr/local/texlive/20
25/texmf-dist/fonts/type1/public/amsfonts/cm/cmti10.pfb></usr/local/texlive/202
5/texmf-dist/fonts/type1/public/amsfonts/cm/cmtt10.pfb></usr/local/texlive/2025
/texmf-dist/fonts/type1/public/amsfonts/cm/cmtt8.pfb></usr/local/texlive/2025/t
exmf-dist/fonts/type1/public/cm-super/sfrm1000.pfb>
Output written on main.pdf (26 pages, 2970966 bytes).
PDF statistics:
 472 PDF objects out of 1000 (max. 8388607)
 388 compressed objects within 4 object streams
 87 named destinations out of 1000 (max. 500000)
 320 words of extra memory for PDF output out of 10000 (max. 10000000)

