/opt/pytorch/lib/python3.13/site-packages/torch/cuda/__init__.py:63: FutureWarning: The pynvml package is deprecated. Please install nvidia-ml-py instead. If you did not install pynvml directly, please report this to the maintainers of the package that installed pynvml for you.
  import pynvml  # type: ignore[import]
WARNING: All log messages before absl::InitializeLog() is called are written to STDERR
I0000 00:00:1787194171.596763    7294 cpu_feature_guard.cc:227] This TensorFlow binary is optimized to use available CPU instructions in performance-critical operations.
To enable the following instructions: AVX2 FMA, in other operations, rebuild TensorFlow with the appropriate compiler flags.
/opt/pytorch/lib/python3.13/site-packages/torch/nn/modules/loss.py:44: UserWarning: size_average and reduce args will be deprecated, please use reduction='mean' instead.
  self.reduction: str = _Reduction.legacy_get_string(size_average, reduce)
overrides: {'jitter_std': 0.02, 'jitter_frac': 0.3}

=== fraction 0.20: 68/74 shards ===
step 20/2500 loss 0.0220 (ema 0.0421) 17.4 clip/s
step 40/2500 loss 0.0135 (ema 0.0334) 18.7 clip/s
step 60/2500 loss 0.0125 (ema 0.0267) 19.3 clip/s
step 80/2500 loss 0.0122 (ema 0.0218) 19.7 clip/s
step 100/2500 loss 0.0112 (ema 0.0184) 20.0 clip/s
step 120/2500 loss 0.0107 (ema 0.0158) 20.3 clip/s
step 140/2500 loss 0.0089 (ema 0.0140) 20.5 clip/s
step 160/2500 loss 0.0100 (ema 0.0125) 20.6 clip/s
step 180/2500 loss 0.0115 (ema 0.0117) 20.7 clip/s
step 200/2500 loss 0.0076 (ema 0.0110) 20.7 clip/s
step 220/2500 loss 0.0106 (ema 0.0108) 20.7 clip/s
step 240/2500 loss 0.0120 (ema 0.0105) 20.8 clip/s
step 250 VAL 0.0106  *
step 260/2500 loss 0.0096 (ema 0.0104) 20.3 clip/s
step 280/2500 loss 0.0118 (ema 0.0102) 20.5 clip/s
step 300/2500 loss 0.0084 (ema 0.0101) 20.5 clip/s
step 320/2500 loss 0.0092 (ema 0.0100) 20.6 clip/s
step 340/2500 loss 0.0096 (ema 0.0098) 20.6 clip/s
step 360/2500 loss 0.0098 (ema 0.0098) 20.7 clip/s
step 380/2500 loss 0.0094 (ema 0.0095) 20.7 clip/s
step 400/2500 loss 0.0082 (ema 0.0095) 20.7 clip/s
step 420/2500 loss 0.0103 (ema 0.0094) 20.8 clip/s
step 440/2500 loss 0.0082 (ema 0.0091) 20.9 clip/s
step 460/2500 loss 0.0085 (ema 0.0090) 20.9 clip/s
step 480/2500 loss 0.0067 (ema 0.0089) 20.9 clip/s
step 500/2500 loss 0.0081 (ema 0.0089) 20.9 clip/s
step 500 VAL 0.0103  *
step 520/2500 loss 0.0082 (ema 0.0087) 20.7 clip/s
step 540/2500 loss 0.0084 (ema 0.0086) 20.7 clip/s
step 560/2500 loss 0.0096 (ema 0.0084) 20.7 clip/s
step 580/2500 loss 0.0081 (ema 0.0081) 20.7 clip/s
step 600/2500 loss 0.0070 (ema 0.0080) 20.7 clip/s
step 620/2500 loss 0.0096 (ema 0.0086) 20.8 clip/s
step 640/2500 loss 0.0082 (ema 0.0086) 20.8 clip/s
step 660/2500 loss 0.0093 (ema 0.0087) 20.9 clip/s
step 680/2500 loss 0.0091 (ema 0.0086) 20.9 clip/s
step 700/2500 loss 0.0046 (ema 0.0085) 20.9 clip/s
step 720/2500 loss 0.0102 (ema 0.0087) 20.9 clip/s
step 740/2500 loss 0.0070 (ema 0.0087) 20.9 clip/s
step 750 VAL 0.0090  *
step 760/2500 loss 0.0088 (ema 0.0086) 20.8 clip/s
step 780/2500 loss 0.0084 (ema 0.0084) 20.8 clip/s
step 800/2500 loss 0.0075 (ema 0.0083) 20.7 clip/s
step 820/2500 loss 0.0074 (ema 0.0081) 20.8 clip/s
step 840/2500 loss 0.0059 (ema 0.0082) 20.8 clip/s
step 860/2500 loss 0.0099 (ema 0.0082) 20.8 clip/s
step 880/2500 loss 0.0082 (ema 0.0083) 20.8 clip/s
step 900/2500 loss 0.0069 (ema 0.0082) 20.8 clip/s
step 920/2500 loss 0.0090 (ema 0.0084) 20.9 clip/s
step 940/2500 loss 0.0091 (ema 0.0083) 20.9 clip/s
step 960/2500 loss 0.0089 (ema 0.0084) 20.9 clip/s
step 980/2500 loss 0.0066 (ema 0.0083) 20.9 clip/s
step 1000/2500 loss 0.0094 (ema 0.0082) 20.9 clip/s
step 1000 VAL 0.0088  *
step 1020/2500 loss 0.0081 (ema 0.0082) 20.8 clip/s
step 1040/2500 loss 0.0097 (ema 0.0080) 20.8 clip/s
step 1060/2500 loss 0.0079 (ema 0.0078) 20.8 clip/s
step 1080/2500 loss 0.0079 (ema 0.0076) 20.8 clip/s
step 1100/2500 loss 0.0073 (ema 0.0075) 20.8 clip/s
step 1120/2500 loss 0.0064 (ema 0.0074) 20.9 clip/s
step 1140/2500 loss 0.0073 (ema 0.0075) 20.9 clip/s
step 1160/2500 loss 0.0068 (ema 0.0075) 20.9 clip/s
step 1180/2500 loss 0.0079 (ema 0.0074) 20.9 clip/s
step 1200/2500 loss 0.0050 (ema 0.0072) 20.9 clip/s
step 1220/2500 loss 0.0111 (ema 0.0079) 20.9 clip/s
step 1240/2500 loss 0.0088 (ema 0.0083) 21.0 clip/s
step 1250 VAL 0.0098
step 1260/2500 loss 0.0082 (ema 0.0085) 20.9 clip/s
step 1280/2500 loss 0.0077 (ema 0.0086) 20.9 clip/s
step 1300/2500 loss 0.0072 (ema 0.0087) 20.9 clip/s
step 1320/2500 loss 0.0075 (ema 0.0086) 20.9 clip/s
step 1340/2500 loss 0.0070 (ema 0.0083) 21.0 clip/s
step 1360/2500 loss 0.0058 (ema 0.0081) 21.0 clip/s
step 1380/2500 loss 0.0071 (ema 0.0080) 21.0 clip/s
step 1400/2500 loss 0.0079 (ema 0.0078) 21.0 clip/s
step 1420/2500 loss 0.0087 (ema 0.0078) 21.0 clip/s
step 1440/2500 loss 0.0064 (ema 0.0076) 21.0 clip/s
step 1460/2500 loss 0.0064 (ema 0.0076) 21.0 clip/s
step 1480/2500 loss 0.0070 (ema 0.0076) 21.0 clip/s
step 1500/2500 loss 0.0081 (ema 0.0077) 21.0 clip/s
step 1500 VAL 0.0087  *
step 1520/2500 loss 0.0078 (ema 0.0077) 20.9 clip/s
step 1540/2500 loss 0.0056 (ema 0.0074) 20.9 clip/s
step 1560/2500 loss 0.0073 (ema 0.0073) 20.9 clip/s
step 1580/2500 loss 0.0077 (ema 0.0076) 20.9 clip/s
step 1600/2500 loss 0.0087 (ema 0.0076) 20.9 clip/s
step 1620/2500 loss 0.0078 (ema 0.0073) 20.9 clip/s
step 1640/2500 loss 0.0073 (ema 0.0073) 20.9 clip/s
step 1660/2500 loss 0.0084 (ema 0.0073) 20.9 clip/s
step 1680/2500 loss 0.0098 (ema 0.0076) 21.0 clip/s
step 1700/2500 loss 0.0075 (ema 0.0077) 21.0 clip/s
step 1720/2500 loss 0.0064 (ema 0.0076) 21.0 clip/s
step 1740/2500 loss 0.0064 (ema 0.0078) 21.0 clip/s
step 1750 VAL 0.0080  *
step 1760/2500 loss 0.0050 (ema 0.0075) 20.9 clip/s
step 1780/2500 loss 0.0072 (ema 0.0075) 20.9 clip/s
step 1800/2500 loss 0.0068 (ema 0.0075) 20.9 clip/s
step 1820/2500 loss 0.0089 (ema 0.0077) 20.9 clip/s
step 1840/2500 loss 0.0066 (ema 0.0075) 21.0 clip/s
step 1860/2500 loss 0.0084 (ema 0.0077) 21.0 clip/s
step 1880/2500 loss 0.0093 (ema 0.0077) 21.0 clip/s
step 1900/2500 loss 0.0095 (ema 0.0077) 21.0 clip/s
step 1920/2500 loss 0.0075 (ema 0.0077) 21.0 clip/s
step 1940/2500 loss 0.0102 (ema 0.0079) 21.0 clip/s
step 1960/2500 loss 0.0079 (ema 0.0079) 21.0 clip/s
step 1980/2500 loss 0.0090 (ema 0.0080) 21.0 clip/s
step 2000/2500 loss 0.0109 (ema 0.0080) 21.0 clip/s
step 2000 VAL 0.0078  *
step 2020/2500 loss 0.0064 (ema 0.0080) 20.9 clip/s
step 2040/2500 loss 0.0086 (ema 0.0080) 20.9 clip/s
step 2060/2500 loss 0.0064 (ema 0.0078) 20.9 clip/s
step 2080/2500 loss 0.0064 (ema 0.0079) 20.9 clip/s
step 2100/2500 loss 0.0082 (ema 0.0077) 20.9 clip/s
step 2120/2500 loss 0.0062 (ema 0.0077) 20.9 clip/s
step 2140/2500 loss 0.0087 (ema 0.0078) 21.0 clip/s
step 2160/2500 loss 0.0100 (ema 0.0079) 21.0 clip/s
step 2180/2500 loss 0.0079 (ema 0.0077) 21.0 clip/s
step 2200/2500 loss 0.0076 (ema 0.0076) 21.0 clip/s
step 2220/2500 loss 0.0091 (ema 0.0076) 21.0 clip/s
step 2240/2500 loss 0.0083 (ema 0.0076) 21.0 clip/s
step 2250 VAL 0.0079
step 2260/2500 loss 0.0053 (ema 0.0077) 20.9 clip/s
step 2280/2500 loss 0.0092 (ema 0.0077) 20.9 clip/s
step 2300/2500 loss 0.0056 (ema 0.0075) 20.9 clip/s
step 2320/2500 loss 0.0086 (ema 0.0078) 20.9 clip/s
step 2340/2500 loss 0.0083 (ema 0.0078) 20.9 clip/s
step 2360/2500 loss 0.0071 (ema 0.0079) 20.9 clip/s
step 2380/2500 loss 0.0090 (ema 0.0075) 20.9 clip/s
step 2400/2500 loss 0.0071 (ema 0.0074) 20.9 clip/s
step 2420/2500 loss 0.0075 (ema 0.0079) 20.9 clip/s
step 2440/2500 loss 0.0093 (ema 0.0080) 20.9 clip/s
step 2460/2500 loss 0.0086 (ema 0.0080) 20.9 clip/s
step 2480/2500 loss 0.0083 (ema 0.0082) 20.9 clip/s
step 2500/2500 loss 0.0095 (ema 0.0082) 21.0 clip/s
step 2500 VAL 0.0088
done, best val 0.0078 -> pretrain_out/jitter_low/enc_0.20.pth


