/opt/pytorch/lib/python3.13/site-packages/torch/cuda/__init__.py:63: FutureWarning: The pynvml package is deprecated. Please install nvidia-ml-py instead. If you did not install pynvml directly, please report this to the maintainers of the package that installed pynvml for you.
  import pynvml  # type: ignore[import]
WARNING: All log messages before absl::InitializeLog() is called are written to STDERR
I0000 00:00:1787179605.671473    4062 cpu_feature_guard.cc:227] This TensorFlow binary is optimized to use available CPU instructions in performance-critical operations.
To enable the following instructions: AVX2 FMA, in other operations, rebuild TensorFlow with the appropriate compiler flags.
/opt/pytorch/lib/python3.13/site-packages/torch/nn/modules/loss.py:44: UserWarning: size_average and reduce args will be deprecated, please use reduction='mean' instead.
  self.reduction: str = _Reduction.legacy_get_string(size_average, reduce)
seed:0
enc:pretrain_out/only_jitter/enc_0.20.pth: loaded 1144 | missing 0 unexpected 0
cache:18400 samples -> probe_cache/enc_0_20_pth_seed0/train
cache:1077 samples -> probe_cache/enc_0_20_pth_seed0/dev
ep 1/40 ctc 52.582 DEV WER 99.65 (best 99.65) 61s
ep 2/40 ctc 51.070 DEV WER 99.07 (best 99.07) 123s
ep 3/40 ctc 49.205 DEV WER 99.98 (best 99.07) 184s
ep 4/40 ctc 49.038 DEV WER 99.91 (best 99.07) 246s
ep 5/40 ctc 49.183 DEV WER 99.82 (best 99.07) 308s
ep 6/40 ctc 48.482 DEV WER 99.79 (best 99.07) 370s
ep 7/40 ctc 48.101 DEV WER 99.69 (best 99.07) 432s
ep 8/40 ctc 47.739 DEV WER 99.54 (best 99.07) 494s
ep 9/40 ctc 47.737 DEV WER 99.28 (best 99.07) 557s
ep 10/40 ctc 48.531 DEV WER 99.88 (best 99.07) 619s
ep 11/40 ctc 47.718 DEV WER 99.80 (best 99.07) 681s
ep 12/40 ctc 46.912 DEV WER 99.24 (best 99.07) 743s
ep 13/40 ctc 47.147 DEV WER 99.57 (best 99.07) 805s
ep 14/40 ctc 46.598 DEV WER 99.73 (best 99.07) 868s
ep 15/40 ctc 46.920 DEV WER 99.88 (best 99.07) 930s
ep 16/40 ctc 47.110 DEV WER 99.83 (best 99.07) 992s
ep 17/40 ctc 46.852 DEV WER 99.78 (best 99.07) 1055s
ep 18/40 ctc 47.121 DEV WER 99.87 (best 99.07) 1117s
ep 19/40 ctc 46.103 DEV WER 99.73 (best 99.07) 1179s
ep 20/40 ctc 47.341 DEV WER 99.80 (best 99.07) 1242s
ep 21/40 ctc 46.151 DEV WER 99.83 (best 99.07) 1304s
ep 22/40 ctc 45.495 DEV WER 99.74 (best 99.07) 1366s
ep 23/40 ctc 46.042 DEV WER 99.82 (best 99.07) 1429s
ep 24/40 ctc 49.372 DEV WER 99.73 (best 99.07) 1491s
ep 25/40 ctc 45.958 DEV WER 99.82 (best 99.07) 1553s
ep 26/40 ctc 45.366 DEV WER 99.49 (best 99.07) 1616s
ep 27/40 ctc 45.664 DEV WER 99.76 (best 99.07) 1678s
ep 28/40 ctc 45.749 DEV WER 98.96 (best 98.96) 1740s
ep 29/40 ctc 45.863 DEV WER 99.76 (best 98.96) 1803s
ep 30/40 ctc 45.909 DEV WER 99.74 (best 98.96) 1865s
ep 31/40 ctc 45.307 DEV WER 99.77 (best 98.96) 1928s
ep 32/40 ctc 45.824 DEV WER 99.44 (best 98.96) 1991s
ep 33/40 ctc 45.374 DEV WER 99.06 (best 98.96) 2053s
ep 34/40 ctc 46.229 DEV WER 99.44 (best 98.96) 2116s
ep 35/40 ctc 45.737 DEV WER 99.68 (best 98.96) 2179s
ep 36/40 ctc 45.455 DEV WER 99.19 (best 98.96) 2241s
ep 37/40 ctc 45.617 DEV WER 99.49 (best 98.96) 2304s
ep 38/40 ctc 45.476 DEV WER 98.15 (best 98.15) 2367s
ep 39/40 ctc 46.473 DEV WER 98.89 (best 98.15) 2430s
ep 40/40 ctc 46.053 DEV WER 99.65 (best 98.15) 2493s

PROBE pretrain_out/only_joint/enc_0.20.pth seed0: best dev WER 98.15
