arm2__clean 28.7047
arm2__confgate_0.2 31.5263
arm2__confgate_0.35 33.6036
arm2__confgate_0.5 41.5463
arm2__freeze_0.1 29.4046
arm2__freeze_0.2 30.2488
arm2__freeze_0.3 31.4819
arm2__freeze_0.4 33.7258
arm2__freeze_0.5 37.8694
arm2__jitter_0.01 31.2819
arm2__jitter_0.02 41.2242
arm2__jitter_0.03 52.9660
arm2__jitter_0.04 68.7514
arm2__jitter_0.05 84.7701
arm2__rotate_05 28.9602
arm2__rotate_15 32.0929
arm2__rotate_25 40.6576
arm2__rotate_35 51.0553
arm2__rotate_45 58.8425
arm3__clean 28.5825
arm3__confgate_0.2 29.1380
arm3__confgate_0.35 29.7601
arm3__confgate_0.5 32.8038
arm3__freeze_0.1 29.0935
arm3__freeze_0.2 30.2377
arm3__freeze_0.3 31.6041
arm3__freeze_0.4 34.1480
arm3__freeze_0.5 38.2471
arm3__jitter_0.01 30.2155
arm3__jitter_0.02 39.0024
arm3__jitter_0.03 55.8543
arm3__jitter_0.04 73.3504
arm3__jitter_0.05 88.8358
arm3__rotate_05 28.5381
arm3__rotate_15 30.5043
arm3__rotate_25 36.9918
arm3__rotate_35 45.1788
arm3__rotate_45 53.2215
baseline__clean 28.1937
baseline__confgate_0.2 30.2933
baseline__confgate_0.35 31.3264
baseline__confgate_0.5 33.9924
baseline__freeze_0.1 29.0491
baseline__freeze_0.2 30.1822
baseline__freeze_0.3 32.0484
baseline__freeze_0.4 34.1702
baseline__freeze_0.5 37.9804
baseline__jitter_0.01 30.2933
baseline__jitter_0.02 41.2242
baseline__jitter_0.03 59.6756
baseline__jitter_0.04 78.6381
baseline__jitter_0.05 95.3010
baseline__rotate_05 28.3604
baseline__rotate_15 29.9933
baseline__rotate_25 35.1033
baseline__rotate_35 42.3017
baseline__rotate_45 50.1000
jitter__clean 29.5157
jitter__confgate_0.2 32.5483
jitter__confgate_0.35 34.9589
jitter__confgate_0.5 44.2124
jitter__freeze_0.1 30.2377
jitter__freeze_0.2 31.3264
jitter__freeze_0.3 32.8594
jitter__freeze_0.4 35.1811
jitter__freeze_0.5 39.0247
jitter__jitter_0.01 31.6485
jitter__jitter_0.02 43.5348
jitter__jitter_0.03 58.0649
jitter__jitter_0.04 73.7058
jitter__jitter_0.05 87.8138
jitter__rotate_05 29.5712
jitter__rotate_15 34.2368
jitter__rotate_25 43.9458
jitter__rotate_35 53.1215
jitter__rotate_45 60.8198